Archive member included because of file (symbol)

c:/freescale/kds_v3/toolchain/bin/../lib/gcc/arm-none-eabi/4.8.4/../../../../arm-none-eabi/lib/armv7e-m/fpu\libg_s.a(lib_a-exit.o)
                              c:/freescale/kds_v3/toolchain/bin/../lib/gcc/arm-none-eabi/4.8.4/../../../../arm-none-eabi/lib/armv7e-m/fpu/crt0.o (exit)
c:/freescale/kds_v3/toolchain/bin/../lib/gcc/arm-none-eabi/4.8.4/../../../../arm-none-eabi/lib/armv7e-m/fpu\libg_s.a(lib_a-impure.o)
                              c:/freescale/kds_v3/toolchain/bin/../lib/gcc/arm-none-eabi/4.8.4/../../../../arm-none-eabi/lib/armv7e-m/fpu\libg_s.a(lib_a-exit.o) (_global_impure_ptr)
c:/freescale/kds_v3/toolchain/bin/../lib/gcc/arm-none-eabi/4.8.4/../../../../arm-none-eabi/lib/armv7e-m/fpu\libg_s.a(lib_a-init.o)
                              c:/freescale/kds_v3/toolchain/bin/../lib/gcc/arm-none-eabi/4.8.4/../../../../arm-none-eabi/lib/armv7e-m/fpu/crt0.o (__libc_init_array)
c:/freescale/kds_v3/toolchain/bin/../lib/gcc/arm-none-eabi/4.8.4/../../../../arm-none-eabi/lib/armv7e-m/fpu\libg_s.a(lib_a-memset.o)
                              c:/freescale/kds_v3/toolchain/bin/../lib/gcc/arm-none-eabi/4.8.4/../../../../arm-none-eabi/lib/armv7e-m/fpu/crt0.o (memset)
c:/freescale/kds_v3/toolchain/bin/../lib/gcc/arm-none-eabi/4.8.4/../../../../arm-none-eabi/lib/armv7e-m/fpu\libg_s.a(lib_a-strlen.o)
                              ./Sources/main.o (strlen)
c:/freescale/kds_v3/toolchain/bin/../lib/gcc/arm-none-eabi/4.8.4/../../../../arm-none-eabi/lib/armv7e-m/fpu\libnosys.a(_exit.o)
                              c:/freescale/kds_v3/toolchain/bin/../lib/gcc/arm-none-eabi/4.8.4/../../../../arm-none-eabi/lib/armv7e-m/fpu\libg_s.a(lib_a-exit.o) (_exit)

Allocating common symbols
Common symbol       size              file

ASerialLdd2_DeviceDataPtr
                    0x4               ./Generated_Code/AS1.o
SR_reg              0x1               ./Static_Code/System/CPU_Init.o

Discarded input sections

 .text          0x00000000        0x0 c:/freescale/kds_v3/toolchain/bin/../lib/gcc/arm-none-eabi/4.8.4/armv7e-m/fpu/crti.o
 .data          0x00000000        0x0 c:/freescale/kds_v3/toolchain/bin/../lib/gcc/arm-none-eabi/4.8.4/armv7e-m/fpu/crti.o
 .bss           0x00000000        0x0 c:/freescale/kds_v3/toolchain/bin/../lib/gcc/arm-none-eabi/4.8.4/armv7e-m/fpu/crti.o
 .data          0x00000000        0x4 c:/freescale/kds_v3/toolchain/bin/../lib/gcc/arm-none-eabi/4.8.4/armv7e-m/fpu/crtbegin.o
 .data          0x00000000        0x0 c:/freescale/kds_v3/toolchain/bin/../lib/gcc/arm-none-eabi/4.8.4/../../../../arm-none-eabi/lib/armv7e-m/fpu/crt0.o
 .bss           0x00000000        0x0 c:/freescale/kds_v3/toolchain/bin/../lib/gcc/arm-none-eabi/4.8.4/../../../../arm-none-eabi/lib/armv7e-m/fpu/crt0.o
 .ARM.extab     0x00000000        0x0 c:/freescale/kds_v3/toolchain/bin/../lib/gcc/arm-none-eabi/4.8.4/../../../../arm-none-eabi/lib/armv7e-m/fpu/crt0.o
 .group         0x00000000        0x8 ./Static_Code/System/CPU_Init.o
 .group         0x00000000        0x8 ./Static_Code/System/CPU_Init.o
 .group         0x00000000        0x8 ./Static_Code/System/CPU_Init.o
 .group         0x00000000        0x8 ./Static_Code/System/CPU_Init.o
 .group         0x00000000        0x8 ./Static_Code/System/CPU_Init.o
 .group         0x00000000        0x8 ./Static_Code/System/CPU_Init.o
 .group         0x00000000        0x8 ./Static_Code/System/CPU_Init.o
 .group         0x00000000        0x8 ./Static_Code/System/CPU_Init.o
 .group         0x00000000        0x8 ./Static_Code/System/CPU_Init.o
 .group         0x00000000        0x8 ./Static_Code/System/CPU_Init.o
 .group         0x00000000        0x8 ./Static_Code/System/CPU_Init.o
 .group         0x00000000        0x8 ./Static_Code/System/CPU_Init.o
 .group         0x00000000        0x8 ./Static_Code/System/CPU_Init.o
 .group         0x00000000        0x8 ./Static_Code/System/CPU_Init.o
 .group         0x00000000        0x8 ./Static_Code/System/CPU_Init.o
 .group         0x00000000        0x8 ./Static_Code/System/CPU_Init.o
 .group         0x00000000        0x8 ./Static_Code/System/CPU_Init.o
 .group         0x00000000        0x8 ./Static_Code/System/CPU_Init.o
 .group         0x00000000        0x8 ./Static_Code/System/CPU_Init.o
 .group         0x00000000        0x8 ./Static_Code/System/CPU_Init.o
 .group         0x00000000        0x8 ./Static_Code/System/CPU_Init.o
 .group         0x00000000        0x8 ./Static_Code/System/CPU_Init.o
 .group         0x00000000        0x8 ./Static_Code/System/CPU_Init.o
 .group         0x00000000        0x8 ./Static_Code/System/CPU_Init.o
 .text          0x00000000        0x0 ./Static_Code/System/CPU_Init.o
 .data          0x00000000        0x0 ./Static_Code/System/CPU_Init.o
 .bss           0x00000000        0x0 ./Static_Code/System/CPU_Init.o
 .bss.SR_lock   0x00000000        0x1 ./Static_Code/System/CPU_Init.o
 .bss.ClockConfigurationID
                0x00000000        0x1 ./Static_Code/System/CPU_Init.o
[...]
Memory Configuration

Name             Origin             Length             Attributes
m_interrupts     0x00000000         0x00000198         xr
m_text           0x00000410         0x0007fbf0         xr
m_data           0x1fff0000         0x00010000         rw
m_data_20000000  0x20000000         0x00010000         rw
m_cfmprotrom     0x00000400         0x00000010         xr
*default*        0x00000000         0xffffffff

Linker script and memory map

LOAD c:/freescale/kds_v3/toolchain/bin/../lib/gcc/arm-none-eabi/4.8.4/armv7e-m/fpu/crti.o
LOAD c:/freescale/kds_v3/toolchain/bin/../lib/gcc/arm-none-eabi/4.8.4/armv7e-m/fpu/crtbegin.o
LOAD c:/freescale/kds_v3/toolchain/bin/../lib/gcc/arm-none-eabi/4.8.4/../../../../arm-none-eabi/lib/armv7e-m/fpu/crt0.o
LOAD ./Static_Code/System/CPU_Init.o
LOAD ./Static_Code/System/Peripherals_Init.o
LOAD ./Static_Code/System/Vectors.o
LOAD ./Sources/Events.o
LOAD ./Sources/main.o
LOAD ./Project_Settings/Startup_Code/startup.o
LOAD ./Generated_Code/AS1.o
LOAD ./Generated_Code/ASerialLdd2.o
LOAD ./Generated_Code/BitIoLdd1.o
LOAD ./Generated_Code/BitIoLdd2.o
LOAD ./Generated_Code/BitIoLdd3.o
LOAD ./Generated_Code/Cpu.o
LOAD ./Generated_Code/PE_LDD.o
LOAD ./Generated_Code/PTB2.o
LOAD ./Generated_Code/PTB3.o
LOAD ./Generated_Code/PTC2.o
LOAD ./Generated_Code/Pins1.o
LOAD ./.metadata/.plugins/org.eclipse.cdt.make.core/specs.o
LOAD c:/freescale/kds_v3/toolchain/bin/../lib/gcc/arm-none-eabi/4.8.4/../../../../arm-none-eabi/lib/armv7e-m/fpu\libstdc++_s.a
LOAD c:/freescale/kds_v3/toolchain/bin/../lib/gcc/arm-none-eabi/4.8.4/../../../../arm-none-eabi/lib/armv7e-m/fpu\libm.a
START GROUP
LOAD c:/freescale/kds_v3/toolchain/bin/../lib/gcc/arm-none-eabi/4.8.4/armv7e-m/fpu\libgcc.a
LOAD c:/freescale/kds_v3/toolchain/bin/../lib/gcc/arm-none-eabi/4.8.4/../../../../arm-none-eabi/lib/armv7e-m/fpu\libg_s.a
LOAD c:/freescale/kds_v3/toolchain/bin/../lib/gcc/arm-none-eabi/4.8.4/../../../../arm-none-eabi/lib/armv7e-m/fpu\libc_s.a
END GROUP
START GROUP
LOAD c:/freescale/kds_v3/toolchain/bin/../lib/gcc/arm-none-eabi/4.8.4/armv7e-m/fpu\libgcc.a
LOAD c:/freescale/kds_v3/toolchain/bin/../lib/gcc/arm-none-eabi/4.8.4/../../../../arm-none-eabi/lib/armv7e-m/fpu\libc_s.a
LOAD c:/freescale/kds_v3/toolchain/bin/../lib/gcc/arm-none-eabi/4.8.4/../../../../arm-none-eabi/lib/armv7e-m/fpu\libnosys.a
END GROUP
START GROUP
LOAD c:/freescale/kds_v3/toolchain/bin/../lib/gcc/arm-none-eabi/4.8.4/armv7e-m/fpu\libgcc.a
LOAD c:/freescale/kds_v3/toolchain/bin/../lib/gcc/arm-none-eabi/4.8.4/../../../../arm-none-eabi/lib/armv7e-m/fpu\libc_s.a
LOAD c:/freescale/kds_v3/toolchain/bin/../lib/gcc/arm-none-eabi/4.8.4/../../../../arm-none-eabi/lib/armv7e-m/fpu\libnosys.a
END GROUP
LOAD c:/freescale/kds_v3/toolchain/bin/../lib/gcc/arm-none-eabi/4.8.4/armv7e-m/fpu/crtend.o
LOAD c:/freescale/kds_v3/toolchain/bin/../lib/gcc/arm-none-eabi/4.8.4/armv7e-m/fpu/crtn.o
                0x20000000                _estack = 0x20000000
                0x20000000                __SP_INIT = _estack
                0x20000000                __stack = _estack
                0x00000000                __heap_size = 0x0
                0x00000400                __stack_size = 0x400

.interrupts     0x00000000      0x198
                0x00000000                __vector_table = .
                0x00000000                . = ALIGN (0x4)
 *(.vectortable)
 .vectortable   0x00000000      0x198 ./Static_Code/System/Vectors.o
                0x00000000                __vect_table
                0x00000198                . = ALIGN (0x4)

.cfmprotect     0x00000400       0x10
                0x00000400                . = ALIGN (0x4)
 *(.cfmconfig)
 .cfmconfig     0x00000400       0x10 ./Static_Code/System/CPU_Init.o
                0x00000400                _cfm
                0x00000410                . = ALIGN (0x4)

.text           0x00000410     0x1504
                0x00000410                . = ALIGN (0x4)
 *(.text)
 .text          0x00000410       0x54 c:/freescale/kds_v3/toolchain/bin/../lib/gcc/arm-none-eabi/4.8.4/armv7e-m/fpu/crtbegin.o
 .text          0x00000464       0x74 c:/freescale/kds_v3/toolchain/bin/../lib/gcc/arm-none-eabi/4.8.4/../../../../arm-none-eabi/lib/armv7e-m/fpu/crt0.o
                0x00000464                _start
                0x00000464                _mainCRTStartup
 *(.text*)
 .text.CPU_SetBASEPRI
                0x000004d8       0x18 ./Static_Code/System/CPU_Init.o
                0x000004d8                CPU_SetBASEPRI
 .text.__init_hardware
                0x000004f0       0xb4 ./Static_Code/System/CPU_Init.o
                0x000004f0                __init_hardware
 .text.PE_low_level_init
                0x000005a4       0x44 ./Static_Code/System/CPU_Init.o
                0x000005a4                PE_low_level_init
 .text.CPU_GetClockGenMode
                0x000005e8       0x90 ./Static_Code/System/CPU_Init.o
                0x000005e8                CPU_GetClockGenMode
 .text.CPU_SetClockConfigGenMode
                0x00000678      0x54c ./Static_Code/System/CPU_Init.o
                0x00000678                CPU_SetClockConfigGenMode
 .text.UnhandledInterrupt
                0x00000bc4       0x18 ./Static_Code/System/Vectors.o
                0x00000bc4                UnhandledInterrupt
 .text.Cpu_OnNMI
                0x00000bdc        0xc ./Sources/Events.o
                0x00000bdc                Cpu_OnNMI
 .text.send_string
                0x00000be8       0x48 ./Sources/main.o
                0x00000be8                send_string
 .text.main     0x00000c30      0x138 ./Sources/main.o
                0x00000c30                main
 .text.__copy_rom_section
                0x00000d68       0xe4 ./Project_Settings/Startup_Code/startup.o
                0x00000d68                __copy_rom_section
 .text.__copy_rom_sections_to_ram
                0x00000e4c       0x9c ./Project_Settings/Startup_Code/startup.o
                0x00000e4c                __copy_rom_sections_to_ram
 .text.__init_registers
                0x00000ee8       0x20 ./Project_Settings/Startup_Code/startup.o
                0x00000ee8                __init_registers
 .text.__init_user
                0x00000f08        0xc ./Project_Settings/Startup_Code/startup.o
                0x00000f08                __init_user
 .text.__thumb_startup
                0x00000f14       0x34 ./Project_Settings/Startup_Code/startup.o
                0x00000f14                __thumb_startup
 .text.HWEnDi   0x00000f48       0x1c ./Generated_Code/AS1.o
 .text.AS1_RecvChar
                0x00000f64       0x80 ./Generated_Code/AS1.o
                0x00000f64                AS1_RecvChar
 .text.AS1_SendChar
                0x00000fe4       0x5c ./Generated_Code/AS1.o
                0x00000fe4                AS1_SendChar
 .text.AS1_Init
                0x00001040       0x24 ./Generated_Code/AS1.o
                0x00001040                AS1_Init
 .text.ASerialLdd2_OnBreak
                0x00001064       0x24 ./Generated_Code/AS1.o
                0x00001064                ASerialLdd2_OnBreak
 .text.ASerialLdd2_Init
                0x00001088      0x178 ./Generated_Code/ASerialLdd2.o
                0x00001088                ASerialLdd2_Init
 .text.ASerialLdd2_ReceiveBlock
                0x00001200       0x48 ./Generated_Code/ASerialLdd2.o
                0x00001200                ASerialLdd2_ReceiveBlock
 .text.ASerialLdd2_SendBlock
                0x00001248       0x58 ./Generated_Code/ASerialLdd2.o
                0x00001248                ASerialLdd2_SendBlock
 .text.ASerialLdd2_GetReceivedDataNum
                0x000012a0       0x1c ./Generated_Code/ASerialLdd2.o
                0x000012a0                ASerialLdd2_GetReceivedDataNum
 .text.InterruptRx
                0x000012bc       0x50 ./Generated_Code/ASerialLdd2.o
 .text.InterruptTx
                0x0000130c       0x60 ./Generated_Code/ASerialLdd2.o
 .text.ASerialLdd2_Main
                0x0000136c       0xd8 ./Generated_Code/ASerialLdd2.o
                0x0000136c                ASerialLdd2_Main
 .text.ASerialLdd2_GetError
                0x00001444       0x2c ./Generated_Code/ASerialLdd2.o
                0x00001444                ASerialLdd2_GetError
 .text.BitIoLdd1_Init
                0x00001470       0x80 ./Generated_Code/BitIoLdd1.o
                0x00001470                BitIoLdd1_Init
 .text.BitIoLdd1_ClrVal
                0x000014f0       0x1c ./Generated_Code/BitIoLdd1.o
                0x000014f0                BitIoLdd1_ClrVal
 .text.BitIoLdd1_SetVal
                0x0000150c       0x1c ./Generated_Code/BitIoLdd1.o
                0x0000150c                BitIoLdd1_SetVal
 .text.BitIoLdd2_Init
                0x00001528       0x80 ./Generated_Code/BitIoLdd2.o
                0x00001528                BitIoLdd2_Init
 .text.BitIoLdd2_ClrVal
                0x000015a8       0x1c ./Generated_Code/BitIoLdd2.o
                0x000015a8                BitIoLdd2_ClrVal
 .text.BitIoLdd2_SetVal
                0x000015c4       0x1c ./Generated_Code/BitIoLdd2.o
                0x000015c4                BitIoLdd2_SetVal
 .text.BitIoLdd3_Init
                0x000015e0       0x80 ./Generated_Code/BitIoLdd3.o
                0x000015e0                BitIoLdd3_Init
 .text.BitIoLdd3_ClrVal
                0x00001660       0x1c ./Generated_Code/BitIoLdd3.o
                0x00001660                BitIoLdd3_ClrVal
 .text.BitIoLdd3_SetVal
                0x0000167c       0x1c ./Generated_Code/BitIoLdd3.o
                0x0000167c                BitIoLdd3_SetVal
 .text.Components_Init
                0x00001698       0x1c ./Generated_Code/Cpu.o
                0x00001698                Components_Init
 .text.Cpu_INT_NMIInterrupt
                0x000016b4       0x1c ./Generated_Code/Cpu.o
                0x000016b4                Cpu_INT_NMIInterrupt
 .text.exit     0x000016d0       0x28 c:/freescale/kds_v3/toolchain/bin/../lib/gcc/arm-none-eabi/4.8.4/../../../../arm-none-eabi/lib/armv7e-m/fpu\libg_s.a(lib_a-exit.o)
                0x000016d0                exit
 .text.__libc_init_array
                0x000016f8       0x4c c:/freescale/kds_v3/toolchain/bin/../lib/gcc/arm-none-eabi/4.8.4/../../../../arm-none-eabi/lib/armv7e-m/fpu\libg_s.a(lib_a-init.o)
                0x000016f8                __libc_init_array
 .text.memset   0x00001744       0x10 c:/freescale/kds_v3/toolchain/bin/../lib/gcc/arm-none-eabi/4.8.4/../../../../arm-none-eabi/lib/armv7e-m/fpu\libg_s.a(lib_a-memset.o)
                0x00001744                memset
 .text.strlen   0x00001754       0x10 c:/freescale/kds_v3/toolchain/bin/../lib/gcc/arm-none-eabi/4.8.4/../../../../arm-none-eabi/lib/armv7e-m/fpu\libg_s.a(lib_a-strlen.o)
                0x00001754                strlen
 .text._exit    0x00001764        0x4 c:/freescale/kds_v3/toolchain/bin/../lib/gcc/arm-none-eabi/4.8.4/../../../../arm-none-eabi/lib/armv7e-m/fpu\libnosys.a(_exit.o)
                0x00001764                _exit
 *(.rodata)
 .rodata        0x00001768       0x90 ./Sources/main.o
 *(.rodata*)
 .rodata.ClockGenModeMatrix
                0x000017f8       0x80 ./Static_Code/System/CPU_Init.o
 .rodata.CPU_ClockConfigDescriptors
                0x00001878       0x1c ./Static_Code/System/CPU_Init.o
 .rodata.CPU_DefaultFEI
                0x00001894        0x8 ./Static_Code/System/CPU_Init.o
 .rodata.CPU_DefaultFBI
                0x0000189c        0x8 ./Static_Code/System/CPU_Init.o
 .rodata.CPU_DefaultBLPI
                0x000018a4        0x8 ./Static_Code/System/CPU_Init.o
 .rodata.CPU_DefaultFEE
                0x000018ac        0x8 ./Static_Code/System/CPU_Init.o
 .rodata.CPU_DefaultFBE
                0x000018b4        0x8 ./Static_Code/System/CPU_Init.o
 .rodata.CPU_DefaultBLPE
                0x000018bc        0x8 ./Static_Code/System/CPU_Init.o
 .rodata.CPU_DefaultPBE
                0x000018c4        0x8 ./Static_Code/System/CPU_Init.o
 .rodata.CPU_DefaultPEE
                0x000018cc        0x8 ./Static_Code/System/CPU_Init.o
 .rodata.CPU_ClockGenModeRegs
                0x000018d4       0x20 ./Static_Code/System/CPU_Init.o
 .rodata.str1.1
                0x000018f4        0x2 c:/freescale/kds_v3/toolchain/bin/../lib/gcc/arm-none-eabi/4.8.4/../../../../arm-none-eabi/lib/armv7e-m/fpu\libg_s.a(lib_a-impure.o)
 *fill*         0x000018f6        0x2 
 .rodata._global_impure_ptr
                0x000018f8        0x4 c:/freescale/kds_v3/toolchain/bin/../lib/gcc/arm-none-eabi/4.8.4/../../../../arm-none-eabi/lib/armv7e-m/fpu\libg_s.a(lib_a-impure.o)
                0x000018f8                _global_impure_ptr
 *(.glue_7)
 .glue_7        0x00000000        0x0 linker stubs
 *(.glue_7t)
 .glue_7t       0x00000000        0x0 linker stubs
 *(.eh_frame)
 .eh_frame      0x000018fc        0x0 c:/freescale/kds_v3/toolchain/bin/../lib/gcc/arm-none-eabi/4.8.4/armv7e-m/fpu/crtbegin.o
 *(.init)
 .init          0x000018fc        0x4 c:/freescale/kds_v3/toolchain/bin/../lib/gcc/arm-none-eabi/4.8.4/armv7e-m/fpu/crti.o
                0x000018fc                _init
 .init          0x00001900        0x8 c:/freescale/kds_v3/toolchain/bin/../lib/gcc/arm-none-eabi/4.8.4/armv7e-m/fpu/crtn.o
 *(.fini)
 .fini          0x00001908        0x4 c:/freescale/kds_v3/toolchain/bin/../lib/gcc/arm-none-eabi/4.8.4/armv7e-m/fpu/crti.o
                0x00001908                _fini
 .fini          0x0000190c        0x8 c:/freescale/kds_v3/toolchain/bin/../lib/gcc/arm-none-eabi/4.8.4/armv7e-m/fpu/crtn.o
                0x00001914                . = ALIGN (0x4)
                0x00001914                _etext = .

.vfp11_veneer   0x00001914        0x0
 .vfp11_veneer  0x00000000        0x0 linker stubs

.v4_bx          0x00001914        0x0
 .v4_bx         0x00000000        0x0 linker stubs

.iplt           0x00001914        0x0
 .iplt          0x00000000        0x0 c:/freescale/kds_v3/toolchain/bin/../lib/gcc/arm-none-eabi/4.8.4/armv7e-m/fpu/crtbegin.o

.ARM.extab
 *(.ARM.extab* .gnu.linkonce.armextab.*)

.ARM            0x00001914        0x8
                0x00001914                __exidx_start = .
 *(.ARM.exidx*)
 .ARM.exidx     0x00001914        0x8 c:/freescale/kds_v3/toolchain/bin/../lib/gcc/arm-none-eabi/4.8.4/../../../../arm-none-eabi/lib/armv7e-m/fpu/crt0.o
                0x0000191c                __exidx_end = .

.rel.dyn        0x0000191c        0x0
 .rel.iplt      0x00000000        0x0 c:/freescale/kds_v3/toolchain/bin/../lib/gcc/arm-none-eabi/4.8.4/armv7e-m/fpu/crtbegin.o

.ctors          0x0000191c        0x0
                0x0000191c                __CTOR_LIST__ = .
 *crtbegin.o(.ctors)
 *(EXCLUDE_FILE(*crtend.o) .ctors)
 *(SORT(.ctors.*))
 *(.ctors)
                0x0000191c                __CTOR_END__ = .

.dtors          0x0000191c        0x0
                0x0000191c                __DTOR_LIST__ = .
 *crtbegin.o(.dtors)
 *(EXCLUDE_FILE(*crtend.o) .dtors)
 *(SORT(.dtors.*))
 *(.dtors)
                0x0000191c                __DTOR_END__ = .

.preinit_array  0x0000191c        0x0
                0x0000191c                PROVIDE (__preinit_array_start, .)
 *(.preinit_array*)
                0x0000191c                PROVIDE (__preinit_array_end, .)

.init_array     0x0000191c        0x4
                0x0000191c                PROVIDE (__init_array_start, .)
 *(SORT(.init_array.*))
 *(.init_array*)
 .init_array    0x0000191c        0x4 c:/freescale/kds_v3/toolchain/bin/../lib/gcc/arm-none-eabi/4.8.4/armv7e-m/fpu/crtbegin.o
                0x00001920                PROVIDE (__init_array_end, .)

.fini_array     0x00001920        0x4
                0x00001920                PROVIDE (__fini_array_start, .)
 *(SORT(.fini_array.*))
 *(.fini_array*)
 .fini_array    0x00001920        0x4 c:/freescale/kds_v3/toolchain/bin/../lib/gcc/arm-none-eabi/4.8.4/armv7e-m/fpu/crtbegin.o
                0x00001924                PROVIDE (__fini_array_end, .)
                0x00001924                ___ROM_AT = .

.data           0x1fff0000       0x60 load address 0x00001924
                0x1fff0000                . = ALIGN (0x4)
                0x1fff0000                _sdata = .
 *(.data)
 *(.data*)
 .data.impure_data
                0x1fff0000       0x60 c:/freescale/kds_v3/toolchain/bin/../lib/gcc/arm-none-eabi/4.8.4/../../../../arm-none-eabi/lib/armv7e-m/fpu\libg_s.a(lib_a-impure.o)
                0x1fff0060                . = ALIGN (0x4)
                0x1fff0060                _edata = .
                0x00000060                ___data_size = (_edata - _sdata)
                0x00001984                ___m_data_20000000_ROMStart = (___ROM_AT + SIZEOF (.data))

.jcr            0x1fff0060        0x0 load address 0x00001984
 .jcr           0x1fff0060        0x0 c:/freescale/kds_v3/toolchain/bin/../lib/gcc/arm-none-eabi/4.8.4/armv7e-m/fpu/crtbegin.o

.igot.plt       0x1fff0060        0x0 load address 0x00001984
 .igot.plt      0x00000000        0x0 c:/freescale/kds_v3/toolchain/bin/../lib/gcc/arm-none-eabi/4.8.4/armv7e-m/fpu/crtbegin.o

.m_data_20000000
                0x20000000        0x0 load address 0x00001984
                0x20000000                . = ALIGN (0x4)
                0x20000000                ___m_data_20000000_RAMStart = .
 *(.m_data_20000000)
                0x20000000                ___m_data_20000000_RAMEnd = .
                0x20000000                . = ALIGN (0x4)
                0x00000000                ___m_data_20000000_ROMSize = (___m_data_20000000_RAMEnd - ___m_data_20000000_RAMStart)
                0x20000000                . = ALIGN (0x4)

.bss            0x1fff0060       0x60 load address 0x00001984
                0x1fff0060                __START_BSS = .
                0x1fff0060                PROVIDE (__bss_start__, __START_BSS)
 *(.bss)
 .bss           0x1fff0060       0x1c c:/freescale/kds_v3/toolchain/bin/../lib/gcc/arm-none-eabi/4.8.4/armv7e-m/fpu/crtbegin.o
 *(.bss*)
 .bss.SerFlag   0x1fff007c        0x2 ./Generated_Code/AS1.o
 .bss.BufferRead
                0x1fff007e        0x1 ./Generated_Code/AS1.o
 .bss.OutBuffer
                0x1fff007f        0x1 ./Generated_Code/AS1.o
 .bss.DeviceDataPrv__DEFAULT_RTOS_ALLOC
                0x1fff0080       0x20 ./Generated_Code/ASerialLdd2.o
 .bss.DeviceDataPrv__DEFAULT_RTOS_ALLOC
                0x1fff00a0        0x4 ./Generated_Code/BitIoLdd1.o
 .bss.DeviceDataPrv__DEFAULT_RTOS_ALLOC
                0x1fff00a4        0x4 ./Generated_Code/BitIoLdd2.o
 .bss.DeviceDataPrv__DEFAULT_RTOS_ALLOC
                0x1fff00a8        0x4 ./Generated_Code/BitIoLdd3.o
 .bss.PE_LDD_DeviceDataList
                0x1fff00ac       0x10 ./Generated_Code/PE_LDD.o
                0x1fff00ac                PE_LDD_DeviceDataList
 *(COMMON)
 COMMON         0x1fff00bc        0x4 ./Generated_Code/AS1.o
                0x1fff00bc                ASerialLdd2_DeviceDataPtr
                0x1fff00c0                . = ALIGN (0x4)
                0x1fff00c0                __END_BSS = .
                0x1fff00c0                PROVIDE (__bss_end__, __END_BSS)
                0x00001984                _romp_at = ((___ROM_AT + SIZEOF (.data)) + SIZEOF (.m_data_20000000))

.romp           0x1fff00c0       0x24 load address 0x00001984
                0x00001984                __S_romp = _romp_at
                0x1fff00c0        0x4 LONG 0x1924 ___ROM_AT
                0x1fff00c4        0x4 LONG 0x1fff0000 _sdata
                0x1fff00c8        0x4 LONG 0x60 ___data_size
                0x1fff00cc        0x4 LONG 0x1984 ___m_data_20000000_ROMStart
                0x1fff00d0        0x4 LONG 0x20000000 ___m_data_20000000_RAMStart
                0x1fff00d4        0x4 LONG 0x0 ___m_data_20000000_ROMSize
                0x1fff00d8        0x4 LONG 0x0
                0x1fff00dc        0x4 LONG 0x0
                0x1fff00e0        0x4 LONG 0x0
                0x00080000                text_end = (ORIGIN (m_text) + 0x7fbf0)
                0x000019a8                data_init_end = ((___m_data_20000000_ROMStart + SIZEOF (.m_data_20000000)) + SIZEOF (.romp))
                0x00000001                ASSERT ((data_init_end <= text_end), region m_text overflowed with text and data)

._user_heap_stack
                0x1fff00e4      0x400 load address 0x000019a8
                0x1fff00e4                . = ALIGN (0x4)
                0x1fff00e4                PROVIDE (end, .)
                0x1fff00e4                PROVIDE (_end, .)
                0x1fff00e4                PROVIDE (__end__, .)
                0x1fff00e4                __heap_addr = .
                0x1fff00e4                __HeapBase = .
                0x1fff00e4                . = (. + __heap_size)
                0x1fff00e4                __HeapLimit = .
                0x1fff04e4                . = (. + __stack_size)
 *fill*         0x1fff00e4      0x400 
                0x1fff04e4                . = ALIGN (0x4)

.ARM.attributes
                0x00000000       0x30
 *(.ARM.attributes)
 .ARM.attributes
                0x00000000       0x22 c:/freescale/kds_v3/toolchain/bin/../lib/gcc/arm-none-eabi/4.8.4/armv7e-m/fpu/crti.o
 .ARM.attributes
                0x00000022       0x34 c:/freescale/kds_v3/toolchain/bin/../lib/gcc/arm-none-eabi/4.8.4/armv7e-m/fpu/crtbegin.o
 .ARM.attributes
                0x00000056       0x20 c:/freescale/kds_v3/toolchain/bin/../lib/gcc/arm-none-eabi/4.8.4/../../../../arm-none-eabi/lib/armv7e-m/fpu/crt0.o
 .ARM.attributes
                0x00000076       0x39 ./Static_Code/System/CPU_Init.o
 .ARM.attributes
                0x000000af       0x39 ./Static_Code/System/Vectors.o
 .ARM.attributes
                0x000000e8       0x39 ./Sources/Events.o
 .ARM.attributes
                0x00000121       0x39 ./Sources/main.o
 .ARM.attributes
                0x0000015a       0x39 ./Project_Settings/Startup_Code/startup.o
 .ARM.attributes
                0x00000193       0x39 ./Generated_Code/AS1.o
 .ARM.attributes
                0x000001cc       0x39 ./Generated_Code/ASerialLdd2.o
 .ARM.attributes
                0x00000205       0x39 ./Generated_Code/BitIoLdd1.o
 .ARM.attributes
                0x0000023e       0x39 ./Generated_Code/BitIoLdd2.o
 .ARM.attributes
                0x00000277       0x39 ./Generated_Code/BitIoLdd3.o
 .ARM.attributes
                0x000002b0       0x39 ./Generated_Code/Cpu.o
 .ARM.attributes
                0x000002e9       0x39 ./Generated_Code/PE_LDD.o
 .ARM.attributes
                0x00000322       0x34 c:/freescale/kds_v3/toolchain/bin/../lib/gcc/arm-none-eabi/4.8.4/../../../../arm-none-eabi/lib/armv7e-m/fpu\libg_s.a(lib_a-exit.o)
 .ARM.attributes
                0x00000356       0x34 c:/freescale/kds_v3/toolchain/bin/../lib/gcc/arm-none-eabi/4.8.4/../../../../arm-none-eabi/lib/armv7e-m/fpu\libg_s.a(lib_a-impure.o)
 .ARM.attributes
                0x0000038a       0x34 c:/freescale/kds_v3/toolchain/bin/../lib/gcc/arm-none-eabi/4.8.4/../../../../arm-none-eabi/lib/armv7e-m/fpu\libg_s.a(lib_a-init.o)
 .ARM.attributes
                0x000003be       0x34 c:/freescale/kds_v3/toolchain/bin/../lib/gcc/arm-none-eabi/4.8.4/../../../../arm-none-eabi/lib/armv7e-m/fpu\libg_s.a(lib_a-memset.o)
 .ARM.attributes
                0x000003f2       0x34 c:/freescale/kds_v3/toolchain/bin/../lib/gcc/arm-none-eabi/4.8.4/../../../../arm-none-eabi/lib/armv7e-m/fpu\libg_s.a(lib_a-strlen.o)
 .ARM.attributes
                0x00000426       0x34 c:/freescale/kds_v3/toolchain/bin/../lib/gcc/arm-none-eabi/4.8.4/../../../../arm-none-eabi/lib/armv7e-m/fpu\libnosys.a(_exit.o)
 .ARM.attributes
                0x0000045a       0x22 c:/freescale/kds_v3/toolchain/bin/../lib/gcc/arm-none-eabi/4.8.4/armv7e-m/fpu/crtn.o
OUTPUT(Corey_smith_Assignment1.elf elf32-littlearm)

.debug_info     0x00000000     0x35d2
 .debug_info    0x00000000      0xab8 ./Static_Code/System/CPU_Init.o
 .debug_info    0x00000ab8      0x826 ./Static_Code/System/Vectors.o
 .debug_info    0x000012de       0x96 ./Sources/Events.o
 .debug_info    0x00001374      0x157 ./Sources/main.o
 .debug_info    0x000014cb      0x3b0 ./Project_Settings/Startup_Code/startup.o
 .debug_info    0x0000187b      0x221 ./Generated_Code/AS1.o
 .debug_info    0x00001a9c      0x935 ./Generated_Code/ASerialLdd2.o
 .debug_info    0x000023d1      0x503 ./Generated_Code/BitIoLdd1.o
 .debug_info    0x000028d4      0x503 ./Generated_Code/BitIoLdd2.o
 .debug_info    0x00002dd7      0x503 ./Generated_Code/BitIoLdd3.o
 .debug_info    0x000032da       0xa7 ./Generated_Code/Cpu.o
 .debug_info    0x00003381      0x251 ./Generated_Code/PE_LDD.o

.debug_abbrev   0x00000000      0xda6
 .debug_abbrev  0x00000000      0x1bf ./Static_Code/System/CPU_Init.o
 .debug_abbrev  0x000001bf       0xd8 ./Static_Code/System/Vectors.o
 .debug_abbrev  0x00000297       0x45 ./Sources/Events.o
 .debug_abbrev  0x000002dc       0xd7 ./Sources/main.o
 .debug_abbrev  0x000003b3      0x189 ./Project_Settings/Startup_Code/startup.o
 .debug_abbrev  0x0000053c      0x131 ./Generated_Code/AS1.o
 .debug_abbrev  0x0000066d      0x1d0 ./Generated_Code/ASerialLdd2.o
 .debug_abbrev  0x0000083d      0x15d ./Generated_Code/BitIoLdd1.o
 .debug_abbrev  0x0000099a      0x15d ./Generated_Code/BitIoLdd2.o
 .debug_abbrev  0x00000af7      0x15d ./Generated_Code/BitIoLdd3.o
 .debug_abbrev  0x00000c54       0x45 ./Generated_Code/Cpu.o
 .debug_abbrev  0x00000c99      0x10d ./Generated_Code/PE_LDD.o

.debug_aranges  0x00000000      0x5e0
 .debug_aranges
                0x00000000       0x40 ./Static_Code/System/CPU_Init.o
 .debug_aranges
                0x00000040      0x340 ./Static_Code/System/Vectors.o
 .debug_aranges
                0x00000380       0x20 ./Sources/Events.o
 .debug_aranges
                0x000003a0       0x28 ./Sources/main.o
 .debug_aranges
                0x000003c8       0x50 ./Project_Settings/Startup_Code/startup.o
 .debug_aranges
                0x00000418       0x50 ./Generated_Code/AS1.o
 .debug_aranges
                0x00000468       0x60 ./Generated_Code/ASerialLdd2.o
 .debug_aranges
                0x000004c8       0x40 ./Generated_Code/BitIoLdd1.o
 .debug_aranges
                0x00000508       0x40 ./Generated_Code/BitIoLdd2.o
 .debug_aranges
                0x00000548       0x40 ./Generated_Code/BitIoLdd3.o
 .debug_aranges
                0x00000588       0x28 ./Generated_Code/Cpu.o
 .debug_aranges
                0x000005b0       0x30 ./Generated_Code/PE_LDD.o

.debug_ranges   0x00000000      0x520
 .debug_ranges  0x00000000       0x30 ./Static_Code/System/CPU_Init.o
 .debug_ranges  0x00000030      0x330 ./Static_Code/System/Vectors.o
 .debug_ranges  0x00000360       0x10 ./Sources/Events.o
 .debug_ranges  0x00000370       0x18 ./Sources/main.o
 .debug_ranges  0x00000388       0x40 ./Project_Settings/Startup_Code/startup.o
 .debug_ranges  0x000003c8       0x40 ./Generated_Code/AS1.o
 .debug_ranges  0x00000408       0x50 ./Generated_Code/ASerialLdd2.o
 .debug_ranges  0x00000458       0x30 ./Generated_Code/BitIoLdd1.o
 .debug_ranges  0x00000488       0x30 ./Generated_Code/BitIoLdd2.o
 .debug_ranges  0x000004b8       0x30 ./Generated_Code/BitIoLdd3.o
 .debug_ranges  0x000004e8       0x18 ./Generated_Code/Cpu.o
 .debug_ranges  0x00000500       0x20 ./Generated_Code/PE_LDD.o

.debug_macro    0x00000000    0x23f08
 .debug_macro   0x00000000      0x1d2 ./Static_Code/System/CPU_Init.o
 .debug_macro   0x000001d2      0x850 ./Static_Code/System/CPU_Init.o
 .debug_macro   0x00000a22       0x16 ./Static_Code/System/CPU_Init.o
 .debug_macro   0x00000a38       0x44 ./Static_Code/System/CPU_Init.o
 .debug_macro   0x00000a7c      0x209 ./Static_Code/System/CPU_Init.o
 .debug_macro   0x00000c85     0x178a ./Static_Code/System/CPU_Init.o
 .debug_macro   0x0000240f     0xbca7 ./Static_Code/System/CPU_Init.o
 .debug_macro   0x0000e0b6      0x4c6 ./Static_Code/System/CPU_Init.o
 .debug_macro   0x0000e57c      0x14e ./Static_Code/System/CPU_Init.o
 .debug_macro   0x0000e6ca       0x6a ./Static_Code/System/CPU_Init.o
 .debug_macro   0x0000e734       0x58 ./Static_Code/System/CPU_Init.o
 .debug_macro   0x0000e78c       0x35 ./Static_Code/System/CPU_Init.o
 .debug_macro   0x0000e7c1       0xa3 ./Static_Code/System/CPU_Init.o
 .debug_macro   0x0000e864       0x16 ./Static_Code/System/CPU_Init.o
 .debug_macro   0x0000e87a       0x94 ./Static_Code/System/CPU_Init.o
 .debug_macro   0x0000e90e      0x12c ./Static_Code/System/CPU_Init.o
 .debug_macro   0x0000ea3a       0x40 ./Static_Code/System/CPU_Init.o
 .debug_macro   0x0000ea7a       0x1f ./Static_Code/System/CPU_Init.o
 .debug_macro   0x0000ea99       0x46 ./Static_Code/System/CPU_Init.o
 .debug_macro   0x0000eadf       0x1f ./Static_Code/System/CPU_Init.o
 .debug_macro   0x0000eafe       0x46 ./Static_Code/System/CPU_Init.o
 .debug_macro   0x0000eb44       0x1f ./Static_Code/System/CPU_Init.o
 .debug_macro   0x0000eb63       0x64 ./Static_Code/System/CPU_Init.o
 .debug_macro   0x0000ebc7       0x11 ./Static_Code/System/CPU_Init.o
 .debug_macro   0x0000ebd8      0x29a ./Static_Code/System/CPU_Init.o
 .debug_macro   0x0000ee72      0x1c0 ./Static_Code/System/Vectors.o
 .debug_macro   0x0000f032      0x2e0 ./Sources/Events.o
 .debug_macro   0x0000f312       0x40 ./Sources/Events.o
 .debug_macro   0x0000f352       0x46 ./Sources/Events.o
 .debug_macro   0x0000f398      0x61c ./Sources/Events.o
 .debug_macro   0x0000f9b4      0x328 ./Sources/Events.o
 .debug_macro   0x0000fcdc      0x109 ./Sources/Events.o
 .debug_macro   0x0000fde5      0x17f ./Sources/Events.o
 .debug_macro   0x0000ff64      0x202 ./Sources/Events.o
 .debug_macro   0x00010166      0x91e ./Sources/Events.o
 .debug_macro   0x00010a84       0x9e ./Sources/Events.o
 .debug_macro   0x00010b22      0x1f9 ./Sources/Events.o
 .debug_macro   0x00010d1b      0x39c ./Sources/Events.o
 .debug_macro   0x000110b7      0x6a6 ./Sources/Events.o
 .debug_macro   0x0001175d      0x29c ./Sources/Events.o
 .debug_macro   0x000119f9      0x264 ./Sources/Events.o
 .debug_macro   0x00011c5d      0x25b ./Sources/Events.o
 .debug_macro   0x00011eb8      0x399 ./Sources/Events.o
 .debug_macro   0x00012251      0x4f1 ./Sources/Events.o
 .debug_macro   0x00012742      0x13f ./Sources/Events.o
 .debug_macro   0x00012881       0x6c ./Sources/Events.o
 .debug_macro   0x000128ed      0x30d ./Sources/Events.o
 .debug_macro   0x00012bfa       0xbb ./Sources/Events.o
 .debug_macro   0x00012cb5       0xe9 ./Sources/Events.o
 .debug_macro   0x00012d9e      0x4ea ./Sources/Events.o
 .debug_macro   0x00013288      0x18f ./Sources/Events.o
 .debug_macro   0x00013417       0xea ./Sources/Events.o
 .debug_macro   0x00013501      0x344 ./Sources/Events.o
 .debug_macro   0x00013845      0x824 ./Sources/Events.o
 .debug_macro   0x00014069      0x179 ./Sources/Events.o
 .debug_macro   0x000141e2      0x9e2 ./Sources/Events.o
 .debug_macro   0x00014bc4      0x129 ./Sources/Events.o
 .debug_macro   0x00014ced      0x648 ./Sources/Events.o
 .debug_macro   0x00015335       0x81 ./Sources/Events.o
 .debug_macro   0x000153b6      0x7bf ./Sources/Events.o
 .debug_macro   0x00015b75      0x66f ./Sources/Events.o
 .debug_macro   0x000161e4       0x7b ./Sources/Events.o
 .debug_macro   0x0001625f      0x182 ./Sources/Events.o
 .debug_macro   0x000163e1      0x360 ./Sources/main.o
 .debug_macro   0x00016741       0x22 ./Sources/main.o
 .debug_macro   0x00016763      0x166 ./Sources/main.o
 .debug_macro   0x000168c9       0x52 ./Sources/main.o
 .debug_macro   0x0001691b       0x16 ./Sources/main.o
 .debug_macro   0x00016931       0x43 ./Sources/main.o
 .debug_macro   0x00016974      0x180 ./Sources/main.o
 .debug_macro   0x00016af4      0x2a6 ./Sources/main.o
 .debug_macro   0x00016d9a       0x10 ./Sources/main.o
 .debug_macro   0x00016daa       0x35 ./Sources/main.o
 .debug_macro   0x00016ddf      0x121 ./Project_Settings/Startup_Code/startup.o
 .debug_macro   0x00016f00       0x4a ./Project_Settings/Startup_Code/startup.o
 .debug_macro   0x00016f4a       0x16 ./Project_Settings/Startup_Code/startup.o
 .debug_macro   0x00016f60       0x22 ./Project_Settings/Startup_Code/startup.o
 .debug_macro   0x00016f82       0x10 ./Project_Settings/Startup_Code/startup.o
 .debug_macro   0x00016f92      0x20f ./Project_Settings/Startup_Code/startup.o
 .debug_macro   0x000171a1     0xbc9b ./Project_Settings/Startup_Code/startup.o
 .debug_macro   0x00022e3c      0x12d ./Generated_Code/AS1.o
 .debug_macro   0x00022f69       0x5e ./Generated_Code/AS1.o
 .debug_macro   0x00022fc7      0x112 ./Generated_Code/ASerialLdd2.o
 .debug_macro   0x000230d9       0x17 ./Generated_Code/ASerialLdd2.o
 .debug_macro   0x000230f0      0x7b9 ./Generated_Code/ASerialLdd2.o
 .debug_macro   0x000238a9       0xfa ./Generated_Code/BitIoLdd1.o
 .debug_macro   0x000239a3       0xfa ./Generated_Code/BitIoLdd2.o
 .debug_macro   0x00023a9d       0xfa ./Generated_Code/BitIoLdd3.o
 .debug_macro   0x00023b97       0x40 ./Generated_Code/BitIoLdd3.o
 .debug_macro   0x00023bd7      0x1b5 ./Generated_Code/Cpu.o
 .debug_macro   0x00023d8c      0x17c ./Generated_Code/PE_LDD.o

.debug_line     0x00000000     0x3cdd
 .debug_line    0x00000000      0x5a0 ./Static_Code/System/CPU_Init.o
 .debug_line    0x000005a0      0xb3f ./Static_Code/System/Vectors.o
 .debug_line    0x000010df      0x5b6 ./Sources/Events.o
 .debug_line    0x00001695      0x6b1 ./Sources/main.o
 .debug_line    0x00001d46      0x3e0 ./Project_Settings/Startup_Code/startup.o
 .debug_line    0x00002126      0x388 ./Generated_Code/AS1.o
 .debug_line    0x000024ae      0x46b ./Generated_Code/ASerialLdd2.o
 .debug_line    0x00002919      0x3b6 ./Generated_Code/BitIoLdd1.o
 .debug_line    0x00002ccf      0x3b6 ./Generated_Code/BitIoLdd2.o
 .debug_line    0x00003085      0x3b6 ./Generated_Code/BitIoLdd3.o
 .debug_line    0x0000343b      0x480 ./Generated_Code/Cpu.o
 .debug_line    0x000038bb      0x422 ./Generated_Code/PE_LDD.o

.debug_str      0x00000000    0xbc0cb
 .debug_str     0x00000000    0x4ed77 ./Static_Code/System/CPU_Init.o
                              0x4ef21 (size before relaxing)
 .debug_str     0x0004ed77      0x980 ./Static_Code/System/Vectors.o
                              0x4f342 (size before relaxing)
 .debug_str     0x0004f6f7    0x69f42 ./Sources/Events.o
                              0xb7afd (size before relaxing)
 .debug_str     0x000b9639     0x20b0 ./Sources/main.o
                              0xb9c05 (size before relaxing)
 .debug_str     0x000bb6e9      0x186 ./Project_Settings/Startup_Code/startup.o
                              0x45bce (size before relaxing)
 .debug_str     0x000bb86f      0x1c5 ./Generated_Code/AS1.o
                              0x4c615 (size before relaxing)
 .debug_str     0x000bba34      0x2e2 ./Generated_Code/ASerialLdd2.o
                              0x5b422 (size before relaxing)
 .debug_str     0x000bbd16       0xe7 ./Generated_Code/BitIoLdd1.o
                              0x4d391 (size before relaxing)
 .debug_str     0x000bbdfd       0xa0 ./Generated_Code/BitIoLdd2.o
                              0x4d391 (size before relaxing)
 .debug_str     0x000bbe9d       0xa0 ./Generated_Code/BitIoLdd3.o
                              0x4d391 (size before relaxing)
 .debug_str     0x000bbf3d       0x28 ./Generated_Code/Cpu.o
                              0x4d99a (size before relaxing)
 .debug_str     0x000bbf65      0x166 ./Generated_Code/PE_LDD.o
                              0x4db33 (size before relaxing)

.comment        0x00000000       0x70
 .comment       0x00000000       0x70 ./Static_Code/System/CPU_Init.o
                                 0x71 (size before relaxing)
 .comment       0x00000000       0x71 ./Static_Code/System/Vectors.o
 .comment       0x00000000       0x71 ./Sources/Events.o
 .comment       0x00000000       0x71 ./Sources/main.o
 .comment       0x00000000       0x71 ./Project_Settings/Startup_Code/startup.o
 .comment       0x00000000       0x71 ./Generated_Code/AS1.o
 .comment       0x00000000       0x71 ./Generated_Code/ASerialLdd2.o
 .comment       0x00000000       0x71 ./Generated_Code/BitIoLdd1.o
 .comment       0x00000000       0x71 ./Generated_Code/BitIoLdd2.o
 .comment       0x00000000       0x71 ./Generated_Code/BitIoLdd3.o
 .comment       0x00000000       0x71 ./Generated_Code/Cpu.o
 .comment       0x00000000       0x71 ./Generated_Code/PE_LDD.o

.debug_frame    0x00000000     0x13b8
 .debug_frame   0x00000000       0x9c ./Static_Code/System/CPU_Init.o
 .debug_frame   0x0000009c      0xcb0 ./Static_Code/System/Vectors.o
 .debug_frame   0x00000d4c       0x28 ./Sources/Events.o
 .debug_frame   0x00000d74       0x50 ./Sources/main.o
 .debug_frame   0x00000dc4       0xc0 ./Project_Settings/Startup_Code/startup.o
 .debug_frame   0x00000e84       0xdc ./Generated_Code/AS1.o
 .debug_frame   0x00000f60      0x11c ./Generated_Code/ASerialLdd2.o
 .debug_frame   0x0000107c       0x9c ./Generated_Code/BitIoLdd1.o
 .debug_frame   0x00001118       0x9c ./Generated_Code/BitIoLdd2.o
 .debug_frame   0x000011b4       0x9c ./Generated_Code/BitIoLdd3.o
 .debug_frame   0x00001250       0x50 ./Generated_Code/Cpu.o
 .debug_frame   0x000012a0       0x64 ./Generated_Code/PE_LDD.o
 .debug_frame   0x00001304       0x28 c:/freescale/kds_v3/toolchain/bin/../lib/gcc/arm-none-eabi/4.8.4/../../../../arm-none-eabi/lib/armv7e-m/fpu\libg_s.a(lib_a-exit.o)
 .debug_frame   0x0000132c       0x2c c:/freescale/kds_v3/toolchain/bin/../lib/gcc/arm-none-eabi/4.8.4/../../../../arm-none-eabi/lib/armv7e-m/fpu\libg_s.a(lib_a-init.o)
 .debug_frame   0x00001358       0x20 c:/freescale/kds_v3/toolchain/bin/../lib/gcc/arm-none-eabi/4.8.4/../../../../arm-none-eabi/lib/armv7e-m/fpu\libg_s.a(lib_a-memset.o)
 .debug_frame   0x00001378       0x20 c:/freescale/kds_v3/toolchain/bin/../lib/gcc/arm-none-eabi/4.8.4/../../../../arm-none-eabi/lib/armv7e-m/fpu\libg_s.a(lib_a-strlen.o)
 .debug_frame   0x00001398       0x20 c:/freescale/kds_v3/toolchain/bin/../lib/gcc/arm-none-eabi/4.8.4/../../../../arm-none-eabi/lib/armv7e-m/fpu\libnosys.a(_exit.o)
