Archive member included because of file (symbol)

c:/freescale/kds_v3/toolchain/bin/../lib/gcc/arm-none-eabi/4.8.4/../../../../arm-none-eabi/lib/armv7e-m/fpu\libg_s.a(lib_a-exit.o)
                              c:/freescale/kds_v3/toolchain/bin/../lib/gcc/arm-none-eabi/4.8.4/../../../../arm-none-eabi/lib/armv7e-m/fpu/crt0.o (exit)
c:/freescale/kds_v3/toolchain/bin/../lib/gcc/arm-none-eabi/4.8.4/../../../../arm-none-eabi/lib/armv7e-m/fpu\libg_s.a(lib_a-impure.o)
                              c:/freescale/kds_v3/toolchain/bin/../lib/gcc/arm-none-eabi/4.8.4/../../../../arm-none-eabi/lib/armv7e-m/fpu\libg_s.a(lib_a-exit.o) (_global_impure_ptr)
c:/freescale/kds_v3/toolchain/bin/../lib/gcc/arm-none-eabi/4.8.4/../../../../arm-none-eabi/lib/armv7e-m/fpu\libg_s.a(lib_a-init.o)
                              c:/freescale/kds_v3/toolchain/bin/../lib/gcc/arm-none-eabi/4.8.4/../../../../arm-none-eabi/lib/armv7e-m/fpu/crt0.o (__libc_init_array)
c:/freescale/kds_v3/toolchain/bin/../lib/gcc/arm-none-eabi/4.8.4/../../../../arm-none-eabi/lib/armv7e-m/fpu\libg_s.a(lib_a-memset.o)
                              c:/freescale/kds_v3/toolchain/bin/../lib/gcc/arm-none-eabi/4.8.4/../../../../arm-none-eabi/lib/armv7e-m/fpu/crt0.o (memset)
c:/freescale/kds_v3/toolchain/bin/../lib/gcc/arm-none-eabi/4.8.4/../../../../arm-none-eabi/lib/armv7e-m/fpu\libg_s.a(lib_a-sscanf.o)
                              ./Sources/main.o (sscanf)
c:/freescale/kds_v3/toolchain/bin/../lib/gcc/arm-none-eabi/4.8.4/../../../../arm-none-eabi/lib/armv7e-m/fpu\libg_s.a(lib_a-stdio.o)
                              c:/freescale/kds_v3/toolchain/bin/../lib/gcc/arm-none-eabi/4.8.4/../../../../arm-none-eabi/lib/armv7e-m/fpu\libg_s.a(lib_a-sscanf.o) (__seofread)
c:/freescale/kds_v3/toolchain/bin/../lib/gcc/arm-none-eabi/4.8.4/../../../../arm-none-eabi/lib/armv7e-m/fpu\libg_s.a(lib_a-strlen.o)
                              c:/freescale/kds_v3/toolchain/bin/../lib/gcc/arm-none-eabi/4.8.4/../../../../arm-none-eabi/lib/armv7e-m/fpu\libg_s.a(lib_a-sscanf.o) (strlen)
c:/freescale/kds_v3/toolchain/bin/../lib/gcc/arm-none-eabi/4.8.4/../../../../arm-none-eabi/lib/armv7e-m/fpu\libg_s.a(lib_a-svfscanf.o)
                              c:/freescale/kds_v3/toolchain/bin/../lib/gcc/arm-none-eabi/4.8.4/../../../../arm-none-eabi/lib/armv7e-m/fpu\libg_s.a(lib_a-sscanf.o) (__ssvfscanf_r)
c:/freescale/kds_v3/toolchain/bin/../lib/gcc/arm-none-eabi/4.8.4/../../../../arm-none-eabi/lib/armv7e-m/fpu\libg_s.a(lib_a-ungetc.o)
                              c:/freescale/kds_v3/toolchain/bin/../lib/gcc/arm-none-eabi/4.8.4/../../../../arm-none-eabi/lib/armv7e-m/fpu\libg_s.a(lib_a-svfscanf.o) (__submore)
c:/freescale/kds_v3/toolchain/bin/../lib/gcc/arm-none-eabi/4.8.4/../../../../arm-none-eabi/lib/armv7e-m/fpu\libg_s.a(lib_a-vfscanf_i.o)
                              c:/freescale/kds_v3/toolchain/bin/../lib/gcc/arm-none-eabi/4.8.4/../../../../arm-none-eabi/lib/armv7e-m/fpu\libg_s.a(lib_a-svfscanf.o) (_scanf_chars)
c:/freescale/kds_v3/toolchain/bin/../lib/gcc/arm-none-eabi/4.8.4/../../../../arm-none-eabi/lib/armv7e-m/fpu\libg_s.a(lib_a-writer.o)
                              c:/freescale/kds_v3/toolchain/bin/../lib/gcc/arm-none-eabi/4.8.4/../../../../arm-none-eabi/lib/armv7e-m/fpu\libg_s.a(lib_a-stdio.o) (_write_r)
c:/freescale/kds_v3/toolchain/bin/../lib/gcc/arm-none-eabi/4.8.4/../../../../arm-none-eabi/lib/armv7e-m/fpu\libg_s.a(lib_a-closer.o)
                              c:/freescale/kds_v3/toolchain/bin/../lib/gcc/arm-none-eabi/4.8.4/../../../../arm-none-eabi/lib/armv7e-m/fpu\libg_s.a(lib_a-stdio.o) (_close_r)
c:/freescale/kds_v3/toolchain/bin/../lib/gcc/arm-none-eabi/4.8.4/../../../../arm-none-eabi/lib/armv7e-m/fpu\libg_s.a(lib_a-ctype_.o)
                              c:/freescale/kds_v3/toolchain/bin/../lib/gcc/arm-none-eabi/4.8.4/../../../../arm-none-eabi/lib/armv7e-m/fpu\libg_s.a(lib_a-svfscanf.o) (__ctype_ptr__)
c:/freescale/kds_v3/toolchain/bin/../lib/gcc/arm-none-eabi/4.8.4/../../../../arm-none-eabi/lib/armv7e-m/fpu\libg_s.a(lib_a-fflush.o)
                              c:/freescale/kds_v3/toolchain/bin/../lib/gcc/arm-none-eabi/4.8.4/../../../../arm-none-eabi/lib/armv7e-m/fpu\libg_s.a(lib_a-ungetc.o) (_fflush_r)
c:/freescale/kds_v3/toolchain/bin/../lib/gcc/arm-none-eabi/4.8.4/../../../../arm-none-eabi/lib/armv7e-m/fpu\libg_s.a(lib_a-findfp.o)
                              c:/freescale/kds_v3/toolchain/bin/../lib/gcc/arm-none-eabi/4.8.4/../../../../arm-none-eabi/lib/armv7e-m/fpu\libg_s.a(lib_a-ungetc.o) (__sinit)
c:/freescale/kds_v3/toolchain/bin/../lib/gcc/arm-none-eabi/4.8.4/../../../../arm-none-eabi/lib/armv7e-m/fpu\libg_s.a(lib_a-fwalk.o)
                              c:/freescale/kds_v3/toolchain/bin/../lib/gcc/arm-none-eabi/4.8.4/../../../../arm-none-eabi/lib/armv7e-m/fpu\libg_s.a(lib_a-findfp.o) (_fwalk)
c:/freescale/kds_v3/toolchain/bin/../lib/gcc/arm-none-eabi/4.8.4/../../../../arm-none-eabi/lib/armv7e-m/fpu\libg_s.a(lib_a-lseekr.o)
[...]
Memory Configuration

Name             Origin             Length             Attributes
m_interrupts     0x00000000         0x00000198         xr
m_text           0x00000410         0x0007fbf0         xr
m_data           0x1fff0000         0x00010000         rw
m_data_20000000  0x20000000         0x00010000         rw
m_cfmprotrom     0x00000400         0x00000010         xr
*default*        0x00000000         0xffffffff

Linker script and memory map

LOAD c:/freescale/kds_v3/toolchain/bin/../lib/gcc/arm-none-eabi/4.8.4/armv7e-m/fpu/crti.o
LOAD c:/freescale/kds_v3/toolchain/bin/../lib/gcc/arm-none-eabi/4.8.4/armv7e-m/fpu/crtbegin.o
LOAD c:/freescale/kds_v3/toolchain/bin/../lib/gcc/arm-none-eabi/4.8.4/../../../../arm-none-eabi/lib/armv7e-m/fpu/crt0.o
LOAD ./Static_Code/System/CPU_Init.o
LOAD ./Static_Code/System/Peripherals_Init.o
LOAD ./Static_Code/System/Vectors.o
LOAD ./Sources/Events.o
LOAD ./Sources/main.o
LOAD ./Project_Settings/Startup_Code/startup.o
LOAD ./Generated_Code/ASerialLdd1.o
LOAD ./Generated_Code/Blue.o
LOAD ./Generated_Code/Cpu.o
LOAD ./Generated_Code/Green.o
LOAD ./Generated_Code/Inhr1.o
LOAD ./Generated_Code/PE_LDD.o
LOAD ./Generated_Code/Pins1.o
LOAD ./Generated_Code/PwmLdd1.o
LOAD ./Generated_Code/PwmLdd2.o
LOAD ./Generated_Code/PwmLdd3.o
LOAD ./Generated_Code/RED.o
LOAD ./Generated_Code/TU1.o
LOAD ./Generated_Code/Term1.o
LOAD c:/freescale/kds_v3/toolchain/bin/../lib/gcc/arm-none-eabi/4.8.4/../../../../arm-none-eabi/lib/armv7e-m/fpu\libstdc++_s.a
LOAD c:/freescale/kds_v3/toolchain/bin/../lib/gcc/arm-none-eabi/4.8.4/../../../../arm-none-eabi/lib/armv7e-m/fpu\libm.a
START GROUP
LOAD c:/freescale/kds_v3/toolchain/bin/../lib/gcc/arm-none-eabi/4.8.4/armv7e-m/fpu\libgcc.a
LOAD c:/freescale/kds_v3/toolchain/bin/../lib/gcc/arm-none-eabi/4.8.4/../../../../arm-none-eabi/lib/armv7e-m/fpu\libg_s.a
LOAD c:/freescale/kds_v3/toolchain/bin/../lib/gcc/arm-none-eabi/4.8.4/../../../../arm-none-eabi/lib/armv7e-m/fpu\libc_s.a
END GROUP
START GROUP
LOAD c:/freescale/kds_v3/toolchain/bin/../lib/gcc/arm-none-eabi/4.8.4/armv7e-m/fpu\libgcc.a
LOAD c:/freescale/kds_v3/toolchain/bin/../lib/gcc/arm-none-eabi/4.8.4/../../../../arm-none-eabi/lib/armv7e-m/fpu\libc_s.a
LOAD c:/freescale/kds_v3/toolchain/bin/../lib/gcc/arm-none-eabi/4.8.4/../../../../arm-none-eabi/lib/armv7e-m/fpu\libnosys.a
END GROUP
START GROUP
LOAD c:/freescale/kds_v3/toolchain/bin/../lib/gcc/arm-none-eabi/4.8.4/armv7e-m/fpu\libgcc.a
LOAD c:/freescale/kds_v3/toolchain/bin/../lib/gcc/arm-none-eabi/4.8.4/../../../../arm-none-eabi/lib/armv7e-m/fpu\libc_s.a
LOAD c:/freescale/kds_v3/toolchain/bin/../lib/gcc/arm-none-eabi/4.8.4/../../../../arm-none-eabi/lib/armv7e-m/fpu\libnosys.a
END GROUP
LOAD c:/freescale/kds_v3/toolchain/bin/../lib/gcc/arm-none-eabi/4.8.4/armv7e-m/fpu/crtend.o
LOAD c:/freescale/kds_v3/toolchain/bin/../lib/gcc/arm-none-eabi/4.8.4/armv7e-m/fpu/crtn.o
                0x20000000                _estack = 0x20000000
                0x20000000                __SP_INIT = _estack
                0x20000000                __stack = _estack
                0x00000000                __heap_size = 0x0
                0x00000400                __stack_size = 0x400

.interrupts     0x00000000      0x198
                0x00000000                __vector_table = .
                0x00000000                . = ALIGN (0x4)
 *(.vectortable)
 .vectortable   0x00000000      0x198 ./Static_Code/System/Vectors.o
                0x00000000                __vect_table
                0x00000198                . = ALIGN (0x4)

.cfmprotect     0x00000400       0x10
                0x00000400                . = ALIGN (0x4)
 *(.cfmconfig)
 .cfmconfig     0x00000400       0x10 ./Static_Code/System/CPU_Init.o
                0x00000400                _cfm
                0x00000410                . = ALIGN (0x4)

.text           0x00000410     0x3114
                0x00000410                . = ALIGN (0x4)
 *(.text)
 .text          0x00000410       0x54 c:/freescale/kds_v3/toolchain/bin/../lib/gcc/arm-none-eabi/4.8.4/armv7e-m/fpu/crtbegin.o
 .text          0x00000464       0x74 c:/freescale/kds_v3/toolchain/bin/../lib/gcc/arm-none-eabi/4.8.4/../../../../arm-none-eabi/lib/armv7e-m/fpu/crt0.o
                0x00000464                _start
                0x00000464                _mainCRTStartup
 *(.text*)
 .text.CPU_SetBASEPRI
                0x000004d8       0x18 ./Static_Code/System/CPU_Init.o
                0x000004d8                CPU_SetBASEPRI
 .text.__init_hardware
                0x000004f0       0xb4 ./Static_Code/System/CPU_Init.o
                0x000004f0                __init_hardware
 .text.PE_low_level_init
                0x000005a4       0x44 ./Static_Code/System/CPU_Init.o
                0x000005a4                PE_low_level_init
 .text.CPU_GetClockGenMode
                0x000005e8       0x90 ./Static_Code/System/CPU_Init.o
                0x000005e8                CPU_GetClockGenMode
 .text.CPU_SetClockConfigGenMode
                0x00000678      0x54c ./Static_Code/System/CPU_Init.o
                0x00000678                CPU_SetClockConfigGenMode
 .text.UnhandledInterrupt
                0x00000bc4       0x18 ./Static_Code/System/Vectors.o
                0x00000bc4                UnhandledInterrupt
 .text.Cpu_OnNMI
                0x00000bdc        0xc ./Sources/Events.o
                0x00000bdc                Cpu_OnNMI
 .text.Inhr1_OnRxChar
                0x00000be8       0x54 ./Sources/Events.o
                0x00000be8                Inhr1_OnRxChar
 .text.MenuDisplay
                0x00000c3c      0x474 ./Sources/main.o
                0x00000c3c                MenuDisplay
 .text.main     0x000010b0      0x11c ./Sources/main.o
                0x000010b0                main
 .text.__copy_rom_section
                0x000011cc       0xe4 ./Project_Settings/Startup_Code/startup.o
                0x000011cc                __copy_rom_section
 .text.__copy_rom_sections_to_ram
                0x000012b0       0x9c ./Project_Settings/Startup_Code/startup.o
                0x000012b0                __copy_rom_sections_to_ram
 .text.__init_registers
                0x0000134c       0x20 ./Project_Settings/Startup_Code/startup.o
                0x0000134c                __init_registers
 .text.__init_user
                0x0000136c        0xc ./Project_Settings/Startup_Code/startup.o
                0x0000136c                __init_user
 .text.__thumb_startup
                0x00001378       0x34 ./Project_Settings/Startup_Code/startup.o
                0x00001378                __thumb_startup
 .text.ASerialLdd1_Init
                0x000013ac      0x1d8 ./Generated_Code/ASerialLdd1.o
                0x000013ac                ASerialLdd1_Init
 .text.ASerialLdd1_ReceiveBlock
                0x00001584       0x90 ./Generated_Code/ASerialLdd1.o
                0x00001584                ASerialLdd1_ReceiveBlock
 .text.ASerialLdd1_SendBlock
                0x00001614       0xbc ./Generated_Code/ASerialLdd1.o
                0x00001614                ASerialLdd1_SendBlock
 .text.InterruptRx
                0x000016d0       0x58 ./Generated_Code/ASerialLdd1.o
 .text.InterruptTx
                0x00001728       0x80 ./Generated_Code/ASerialLdd1.o
 .text.ASerialLdd1_Interrupt
                0x000017a8       0xf4 ./Generated_Code/ASerialLdd1.o
                0x000017a8                ASerialLdd1_Interrupt
 .text.ASerialLdd1_GetError
                0x0000189c       0x70 ./Generated_Code/ASerialLdd1.o
                0x0000189c                ASerialLdd1_GetError
 .text.Components_Init
                0x0000190c       0x1c ./Generated_Code/Cpu.o
                0x0000190c                Components_Init
 .text.Cpu_INT_NMIInterrupt
                0x00001928       0x1c ./Generated_Code/Cpu.o
                0x00001928                Cpu_INT_NMIInterrupt
 .text.HWEnDi   0x00001944       0x1c ./Generated_Code/Inhr1.o
 .text.Inhr1_RecvChar
                0x00001960       0xd8 ./Generated_Code/Inhr1.o
                0x00001960                Inhr1_RecvChar
 .text.Inhr1_SendChar
                0x00001a38       0xdc ./Generated_Code/Inhr1.o
                0x00001a38                Inhr1_SendChar
 .text.Inhr1_Init
                0x00001b14       0x60 ./Generated_Code/Inhr1.o
                0x00001b14                Inhr1_Init
 .text.ASerialLdd1_OnBlockReceived
                0x00001b74       0x90 ./Generated_Code/Inhr1.o
                0x00001b74                ASerialLdd1_OnBlockReceived
 .text.ASerialLdd1_OnBlockSent
                0x00001c04       0x88 ./Generated_Code/Inhr1.o
                0x00001c04                ASerialLdd1_OnBlockSent
 .text.ASerialLdd1_OnError
                0x00001c8c       0x98 ./Generated_Code/Inhr1.o
                0x00001c8c                ASerialLdd1_OnError
 .text.ASerialLdd1_OnBreak
                0x00001d24       0x24 ./Generated_Code/Inhr1.o
                0x00001d24                ASerialLdd1_OnBreak
 .text.PwmLdd1_Init
                0x00001d48       0x54 ./Generated_Code/PwmLdd1.o
                0x00001d48                PwmLdd1_Init
 .text.PwmLdd1_SetRatio8
                0x00001d9c       0x2c ./Generated_Code/PwmLdd1.o
                0x00001d9c                PwmLdd1_SetRatio8
 .text.SetRatio
                0x00001dc8       0x54 ./Generated_Code/PwmLdd1.o
 .text.PwmLdd2_Init
                0x00001e1c       0x54 ./Generated_Code/PwmLdd2.o
                0x00001e1c                PwmLdd2_Init
 .text.PwmLdd2_SetRatio8
                0x00001e70       0x2c ./Generated_Code/PwmLdd2.o
                0x00001e70                PwmLdd2_SetRatio8
 .text.SetRatio
                0x00001e9c       0x54 ./Generated_Code/PwmLdd2.o
 .text.PwmLdd3_Init
                0x00001ef0       0x54 ./Generated_Code/PwmLdd3.o
                0x00001ef0                PwmLdd3_Init
 .text.PwmLdd3_SetRatio8
                0x00001f44       0x2c ./Generated_Code/PwmLdd3.o
                0x00001f44                PwmLdd3_SetRatio8
 .text.SetRatio
                0x00001f70       0x54 ./Generated_Code/PwmLdd3.o
 .text.TU1_Init
                0x00001fc4      0x150 ./Generated_Code/TU1.o
                0x00001fc4                TU1_Init
 .text.TU1_GetPeriodTicks
                0x00002114       0x30 ./Generated_Code/TU1.o
                0x00002114                TU1_GetPeriodTicks
 .text.TU1_SetOffsetTicks
                0x00002144       0x54 ./Generated_Code/TU1.o
                0x00002144                TU1_SetOffsetTicks
 .text.Term1_SendChar
                0x00002198       0x20 ./Generated_Code/Term1.o
                0x00002198                Term1_SendChar
 .text.SendESCPrefix
                0x000021b8       0x24 ./Generated_Code/Term1.o
 .text.Term1_SendStr
                0x000021dc       0x34 ./Generated_Code/Term1.o
                0x000021dc                Term1_SendStr
 .text.LongToStr
                0x00002210       0xf4 ./Generated_Code/Term1.o
 .text.Term1_SendNum
                0x00002304       0x54 ./Generated_Code/Term1.o
                0x00002304                Term1_SendNum
 .text.Term1_Cls
                0x00002358       0x28 ./Generated_Code/Term1.o
                0x00002358                Term1_Cls
 .text.Term1_MoveTo
                0x00002380       0x44 ./Generated_Code/Term1.o
                0x00002380                Term1_MoveTo
 .text.Term1_SetColor
                0x000023c4       0x64 ./Generated_Code/Term1.o
                0x000023c4                Term1_SetColor
 .text.exit     0x00002428       0x28 c:/freescale/kds_v3/toolchain/bin/../lib/gcc/arm-none-eabi/4.8.4/../../../../arm-none-eabi/lib/armv7e-m/fpu\libg_s.a(lib_a-exit.o)
                0x00002428                exit
 .text.__libc_init_array
                0x00002450       0x4c c:/freescale/kds_v3/toolchain/bin/../lib/gcc/arm-none-eabi/4.8.4/../../../../arm-none-eabi/lib/armv7e-m/fpu\libg_s.a(lib_a-init.o)
                0x00002450                __libc_init_array
 .text.memset   0x0000249c       0x10 c:/freescale/kds_v3/toolchain/bin/../lib/gcc/arm-none-eabi/4.8.4/../../../../arm-none-eabi/lib/armv7e-m/fpu\libg_s.a(lib_a-memset.o)
                0x0000249c                memset
 .text.sscanf   0x000024ac       0x54 c:/freescale/kds_v3/toolchain/bin/../lib/gcc/arm-none-eabi/4.8.4/../../../../arm-none-eabi/lib/armv7e-m/fpu\libg_s.a(lib_a-sscanf.o)
                0x000024ac                siscanf
                0x000024ac                sscanf
 .text.__seofread
                0x00002500        0x4 c:/freescale/kds_v3/toolchain/bin/../lib/gcc/arm-none-eabi/4.8.4/../../../../arm-none-eabi/lib/armv7e-m/fpu\libg_s.a(lib_a-stdio.o)
                0x00002500                __seofread
 .text.strlen   0x00002504       0x10 c:/freescale/kds_v3/toolchain/bin/../lib/gcc/arm-none-eabi/4.8.4/../../../../arm-none-eabi/lib/armv7e-m/fpu\libg_s.a(lib_a-strlen.o)
                0x00002504                strlen
 .text._sungetc_r
                0x00002514       0x7a c:/freescale/kds_v3/toolchain/bin/../lib/gcc/arm-none-eabi/4.8.4/../../../../arm-none-eabi/lib/armv7e-m/fpu\libg_s.a(lib_a-svfscanf.o)
                0x00002514                _sungetc_r
 .text.__ssrefill_r
                0x0000258e       0x3a c:/freescale/kds_v3/toolchain/bin/../lib/gcc/arm-none-eabi/4.8.4/../../../../arm-none-eabi/lib/armv7e-m/fpu\libg_s.a(lib_a-svfscanf.o)
                0x0000258e                __ssrefill_r
 .text.__ssvfscanf_r
                0x000025c8      0x29c c:/freescale/kds_v3/toolchain/bin/../lib/gcc/arm-none-eabi/4.8.4/../../../../arm-none-eabi/lib/armv7e-m/fpu\libg_s.a(lib_a-svfscanf.o)
                0x000025c8                __ssvfiscanf_r
                0x000025c8                __ssvfscanf_r
 .text.__submore
                0x00002864       0x76 c:/freescale/kds_v3/toolchain/bin/../lib/gcc/arm-none-eabi/4.8.4/../../../../arm-none-eabi/lib/armv7e-m/fpu\libg_s.a(lib_a-ungetc.o)
                0x00002864                __submore
 *fill*         0x000028da        0x2 
 .text._scanf_chars
                0x000028dc       0xc0 c:/freescale/kds_v3/toolchain/bin/../lib/gcc/arm-none-eabi/4.8.4/../../../../arm-none-eabi/lib/armv7e-m/fpu\libg_s.a(lib_a-vfscanf_i.o)
                0x000028dc                _scanf_chars
 .text._scanf_i
                0x0000299c      0x1ec c:/freescale/kds_v3/toolchain/bin/../lib/gcc/arm-none-eabi/4.8.4/../../../../arm-none-eabi/lib/armv7e-m/fpu\libg_s.a(lib_a-vfscanf_i.o)
                0x0000299c                _scanf_i
 .text.memchr   0x00002b88       0x1e c:/freescale/kds_v3/toolchain/bin/../lib/gcc/arm-none-eabi/4.8.4/../../../../arm-none-eabi/lib/armv7e-m/fpu\libg_s.a(lib_a-memchr-stub.o)
                0x00002b88                memchr
 .text.memcpy   0x00002ba6       0x12 c:/freescale/kds_v3/toolchain/bin/../lib/gcc/arm-none-eabi/4.8.4/../../../../arm-none-eabi/lib/armv7e-m/fpu\libg_s.a(lib_a-memcpy-stub.o)
                0x00002ba6                memcpy
 .text._free_r  0x00002bb8       0x88 c:/freescale/kds_v3/toolchain/bin/../lib/gcc/arm-none-eabi/4.8.4/../../../../arm-none-eabi/lib/armv7e-m/fpu\libg_s.a(lib_a-nano-freer.o)
                0x00002bb8                _free_r
 .text._malloc_r
                0x00002c40       0xa8 c:/freescale/kds_v3/toolchain/bin/../lib/gcc/arm-none-eabi/4.8.4/../../../../arm-none-eabi/lib/armv7e-m/fpu\libg_s.a(lib_a-nano-mallocr.o)
                0x00002c40                _malloc_r
 .text._realloc_r
                0x00002ce8       0x4c c:/freescale/kds_v3/toolchain/bin/../lib/gcc/arm-none-eabi/4.8.4/../../../../arm-none-eabi/lib/armv7e-m/fpu\libg_s.a(lib_a-nano-reallocr.o)
                0x00002ce8                _realloc_r
 .text._sbrk_r  0x00002d34       0x20 c:/freescale/kds_v3/toolchain/bin/../lib/gcc/arm-none-eabi/4.8.4/../../../../arm-none-eabi/lib/armv7e-m/fpu\libg_s.a(lib_a-sbrkr.o)
                0x00002d34                _sbrk_r
 .text.__sccl   0x00002d54       0x64 c:/freescale/kds_v3/toolchain/bin/../lib/gcc/arm-none-eabi/4.8.4/../../../../arm-none-eabi/lib/armv7e-m/fpu\libg_s.a(lib_a-sccl.o)
                0x00002d54                __sccl
 .text._strtol_r
                0x00002db8      0x104 c:/freescale/kds_v3/toolchain/bin/../lib/gcc/arm-none-eabi/4.8.4/../../../../arm-none-eabi/lib/armv7e-m/fpu\libg_s.a(lib_a-strtol.o)
                0x00002db8                _strtol_r
 .text._strtoul_r
                0x00002ebc       0xf0 c:/freescale/kds_v3/toolchain/bin/../lib/gcc/arm-none-eabi/4.8.4/../../../../arm-none-eabi/lib/armv7e-m/fpu\libg_s.a(lib_a-strtoul.o)
                0x00002ebc                _strtoul_r
 .text._malloc_usable_size_r
                0x00002fac       0x12 c:/freescale/kds_v3/toolchain/bin/../lib/gcc/arm-none-eabi/4.8.4/../../../../arm-none-eabi/lib/armv7e-m/fpu\libg_s.a(lib_a-nano-msizer.o)
                0x00002fac                _malloc_usable_size_r
 *fill*         0x00002fbe        0x2 
 .text._sbrk    0x00002fc0       0x34 c:/freescale/kds_v3/toolchain/bin/../lib/gcc/arm-none-eabi/4.8.4/../../../../arm-none-eabi/lib/armv7e-m/fpu\libnosys.a(sbrk.o)
                0x00002fc0                _sbrk
 .text._exit    0x00002ff4        0x4 c:/freescale/kds_v3/toolchain/bin/../lib/gcc/arm-none-eabi/4.8.4/../../../../arm-none-eabi/lib/armv7e-m/fpu\libnosys.a(_exit.o)
                0x00002ff4                _exit
 *(.rodata)
 .rodata        0x00002ff8      0x27c ./Sources/main.o
 .rodata        0x00003274        0xc c:/freescale/kds_v3/toolchain/bin/../lib/gcc/arm-none-eabi/4.8.4/../../../../arm-none-eabi/lib/armv7e-m/fpu\libg_s.a(lib_a-vfscanf_i.o)
 *(.rodata*)
 .rodata.ClockGenModeMatrix
                0x00003280       0x80 ./Static_Code/System/CPU_Init.o
 .rodata.CPU_ClockConfigDescriptors
                0x00003300       0x1c ./Static_Code/System/CPU_Init.o
 .rodata.CPU_DefaultFEI
                0x0000331c        0x8 ./Static_Code/System/CPU_Init.o
 .rodata.CPU_DefaultFBI
                0x00003324        0x8 ./Static_Code/System/CPU_Init.o
 .rodata.CPU_DefaultBLPI
                0x0000332c        0x8 ./Static_Code/System/CPU_Init.o
 .rodata.CPU_DefaultFEE
                0x00003334        0x8 ./Static_Code/System/CPU_Init.o
 .rodata.CPU_DefaultFBE
                0x0000333c        0x8 ./Static_Code/System/CPU_Init.o
 .rodata.CPU_DefaultBLPE
                0x00003344        0x8 ./Static_Code/System/CPU_Init.o
 .rodata.CPU_DefaultPBE
                0x0000334c        0x8 ./Static_Code/System/CPU_Init.o
 .rodata.CPU_DefaultPEE
                0x00003354        0x8 ./Static_Code/System/CPU_Init.o
 .rodata.CPU_ClockGenModeRegs
                0x0000335c       0x20 ./Static_Code/System/CPU_Init.o
 .rodata.ChannelDevice
                0x0000337c        0x4 ./Generated_Code/TU1.o
 .rodata.ChannelMode
                0x00003380        0x4 ./Generated_Code/TU1.o
 .rodata.str1.1
                0x00003384        0x2 c:/freescale/kds_v3/toolchain/bin/../lib/gcc/arm-none-eabi/4.8.4/../../../../arm-none-eabi/lib/armv7e-m/fpu\libg_s.a(lib_a-impure.o)
 *fill*         0x00003386        0x2 
 .rodata._global_impure_ptr
                0x00003388        0x4 c:/freescale/kds_v3/toolchain/bin/../lib/gcc/arm-none-eabi/4.8.4/../../../../arm-none-eabi/lib/armv7e-m/fpu\libg_s.a(lib_a-impure.o)
                0x00003388                _global_impure_ptr
 .rodata.str1.1
                0x0000338c        0x4 c:/freescale/kds_v3/toolchain/bin/../lib/gcc/arm-none-eabi/4.8.4/../../../../arm-none-eabi/lib/armv7e-m/fpu\libg_s.a(lib_a-svfscanf.o)
 .rodata.str1.1
                0x00003390       0x1b c:/freescale/kds_v3/toolchain/bin/../lib/gcc/arm-none-eabi/4.8.4/../../../../arm-none-eabi/lib/armv7e-m/fpu\libg_s.a(lib_a-vfscanf_i.o)
 .rodata._ctype_
                0x000033ab      0x101 c:/freescale/kds_v3/toolchain/bin/../lib/gcc/arm-none-eabi/4.8.4/../../../../arm-none-eabi/lib/armv7e-m/fpu\libg_s.a(lib_a-ctype_.o)
                0x000033ab                _ctype_
 .rodata.__sf_fake_stdin
                0x000034ac       0x20 c:/freescale/kds_v3/toolchain/bin/../lib/gcc/arm-none-eabi/4.8.4/../../../../arm-none-eabi/lib/armv7e-m/fpu\libg_s.a(lib_a-findfp.o)
                0x000034ac                __sf_fake_stdin
 .rodata.__sf_fake_stdout
                0x000034cc       0x20 c:/freescale/kds_v3/toolchain/bin/../lib/gcc/arm-none-eabi/4.8.4/../../../../arm-none-eabi/lib/armv7e-m/fpu\libg_s.a(lib_a-findfp.o)
                0x000034cc                __sf_fake_stdout
 .rodata.__sf_fake_stderr
                0x000034ec       0x20 c:/freescale/kds_v3/toolchain/bin/../lib/gcc/arm-none-eabi/4.8.4/../../../../arm-none-eabi/lib/armv7e-m/fpu\libg_s.a(lib_a-findfp.o)
                0x000034ec                __sf_fake_stderr
 *(.glue_7)
 .glue_7        0x00000000        0x0 linker stubs
 *(.glue_7t)
 .glue_7t       0x00000000        0x0 linker stubs
 *(.eh_frame)
 .eh_frame      0x0000350c        0x0 c:/freescale/kds_v3/toolchain/bin/../lib/gcc/arm-none-eabi/4.8.4/armv7e-m/fpu/crtbegin.o
 *(.init)
 .init          0x0000350c        0x4 c:/freescale/kds_v3/toolchain/bin/../lib/gcc/arm-none-eabi/4.8.4/armv7e-m/fpu/crti.o
                0x0000350c                _init
 .init          0x00003510        0x8 c:/freescale/kds_v3/toolchain/bin/../lib/gcc/arm-none-eabi/4.8.4/armv7e-m/fpu/crtn.o
 *(.fini)
 .fini          0x00003518        0x4 c:/freescale/kds_v3/toolchain/bin/../lib/gcc/arm-none-eabi/4.8.4/armv7e-m/fpu/crti.o
                0x00003518                _fini
 .fini          0x0000351c        0x8 c:/freescale/kds_v3/toolchain/bin/../lib/gcc/arm-none-eabi/4.8.4/armv7e-m/fpu/crtn.o
                0x00003524                . = ALIGN (0x4)
                0x00003524                _etext = .

.vfp11_veneer   0x00003524        0x0
 .vfp11_veneer  0x00000000        0x0 linker stubs

.v4_bx          0x00003524        0x0
 .v4_bx         0x00000000        0x0 linker stubs

.iplt           0x00003524        0x0
 .iplt          0x00000000        0x0 c:/freescale/kds_v3/toolchain/bin/../lib/gcc/arm-none-eabi/4.8.4/armv7e-m/fpu/crtbegin.o

.ARM.extab
 *(.ARM.extab* .gnu.linkonce.armextab.*)

.ARM            0x00003524        0x8
                0x00003524                __exidx_start = .
 *(.ARM.exidx*)
 .ARM.exidx     0x00003524        0x8 c:/freescale/kds_v3/toolchain/bin/../lib/gcc/arm-none-eabi/4.8.4/../../../../arm-none-eabi/lib/armv7e-m/fpu/crt0.o
                0x0000352c                __exidx_end = .

.rel.dyn        0x0000352c        0x0
 .rel.iplt      0x00000000        0x0 c:/freescale/kds_v3/toolchain/bin/../lib/gcc/arm-none-eabi/4.8.4/armv7e-m/fpu/crtbegin.o

.ctors          0x0000352c        0x0
                0x0000352c                __CTOR_LIST__ = .
 *crtbegin.o(.ctors)
 *(EXCLUDE_FILE(*crtend.o) .ctors)
 *(SORT(.ctors.*))
 *(.ctors)
                0x0000352c                __CTOR_END__ = .

.dtors          0x0000352c        0x0
                0x0000352c                __DTOR_LIST__ = .
 *crtbegin.o(.dtors)
 *(EXCLUDE_FILE(*crtend.o) .dtors)
 *(SORT(.dtors.*))
 *(.dtors)
                0x0000352c                __DTOR_END__ = .

.preinit_array  0x0000352c        0x0
                0x0000352c                PROVIDE (__preinit_array_start, .)
 *(.preinit_array*)
                0x0000352c                PROVIDE (__preinit_array_end, .)

.init_array     0x0000352c        0x4
                0x0000352c                PROVIDE (__init_array_start, .)
 *(SORT(.init_array.*))
 *(.init_array*)
 .init_array    0x0000352c        0x4 c:/freescale/kds_v3/toolchain/bin/../lib/gcc/arm-none-eabi/4.8.4/armv7e-m/fpu/crtbegin.o
                0x00003530                PROVIDE (__init_array_end, .)

.fini_array     0x00003530        0x4
                0x00003530                PROVIDE (__fini_array_start, .)
 *(SORT(.fini_array.*))
 *(.fini_array*)
 .fini_array    0x00003530        0x4 c:/freescale/kds_v3/toolchain/bin/../lib/gcc/arm-none-eabi/4.8.4/armv7e-m/fpu/crtbegin.o
                0x00003534                PROVIDE (__fini_array_end, .)
                0x00003534                ___ROM_AT = .

.data           0x1fff0000       0x68 load address 0x00003534
                0x1fff0000                . = ALIGN (0x4)
                0x1fff0000                _sdata = .
 *(.data)
 *(.data*)
 .data.impure_data
                0x1fff0000       0x60 c:/freescale/kds_v3/toolchain/bin/../lib/gcc/arm-none-eabi/4.8.4/../../../../arm-none-eabi/lib/armv7e-m/fpu\libg_s.a(lib_a-impure.o)
 .data._impure_ptr
                0x1fff0060        0x4 c:/freescale/kds_v3/toolchain/bin/../lib/gcc/arm-none-eabi/4.8.4/../../../../arm-none-eabi/lib/armv7e-m/fpu\libg_s.a(lib_a-impure.o)
                0x1fff0060                _impure_ptr
 .data.__ctype_ptr__
                0x1fff0064        0x4 c:/freescale/kds_v3/toolchain/bin/../lib/gcc/arm-none-eabi/4.8.4/../../../../arm-none-eabi/lib/armv7e-m/fpu\libg_s.a(lib_a-ctype_.o)
                0x1fff0064                __ctype_ptr__
                0x1fff0068                . = ALIGN (0x4)
                0x1fff0068                _edata = .
                0x00000068                ___data_size = (_edata - _sdata)
                0x0000359c                ___m_data_20000000_ROMStart = (___ROM_AT + SIZEOF (.data))

.jcr            0x1fff0068        0x0 load address 0x0000359c
 .jcr           0x1fff0068        0x0 c:/freescale/kds_v3/toolchain/bin/../lib/gcc/arm-none-eabi/4.8.4/armv7e-m/fpu/crtbegin.o

.igot.plt       0x1fff0068        0x0 load address 0x0000359c
 .igot.plt      0x00000000        0x0 c:/freescale/kds_v3/toolchain/bin/../lib/gcc/arm-none-eabi/4.8.4/armv7e-m/fpu/crtbegin.o

.m_data_20000000
                0x20000000        0x0 load address 0x0000359c
                0x20000000                . = ALIGN (0x4)
                0x20000000                ___m_data_20000000_RAMStart = .
 *(.m_data_20000000)
                0x20000000                ___m_data_20000000_RAMEnd = .
                0x20000000                . = ALIGN (0x4)
                0x00000000                ___m_data_20000000_ROMSize = (___m_data_20000000_RAMEnd - ___m_data_20000000_RAMStart)
                0x20000000                . = ALIGN (0x4)

.bss            0x1fff0068      0x1a4 load address 0x0000359c
                0x1fff0068                __START_BSS = .
                0x1fff0068                PROVIDE (__bss_start__, __START_BSS)
 *(.bss)
 .bss           0x1fff0068       0x1c c:/freescale/kds_v3/toolchain/bin/../lib/gcc/arm-none-eabi/4.8.4/armv7e-m/fpu/crtbegin.o
 *(.bss*)
 .bss.SR_lock   0x1fff0084        0x1 ./Static_Code/System/CPU_Init.o
                0x1fff0084                SR_lock
 *fill*         0x1fff0085        0x3 
 .bss.index     0x1fff0088        0x4 ./Sources/Events.o
                0x1fff0088                index
 .bss.enter     0x1fff008c        0x1 ./Sources/Events.o
                0x1fff008c                enter
 *fill*         0x1fff008d        0x3 
 .bss.DeviceDataPrv__DEFAULT_RTOS_ALLOC
                0x1fff0090       0x20 ./Generated_Code/ASerialLdd1.o
 .bss.INT_UART1_RX_TX__DEFAULT_RTOS_ISRPARAM
                0x1fff00b0        0x4 ./Generated_Code/ASerialLdd1.o
 .bss.INT_UART1_ERR__DEFAULT_RTOS_ISRPARAM
                0x1fff00b4        0x4 ./Generated_Code/ASerialLdd1.o
 .bss.SerFlag   0x1fff00b8        0x2 ./Generated_Code/Inhr1.o
 .bss.Inhr1_InpLen
                0x1fff00ba        0x2 ./Generated_Code/Inhr1.o
 .bss.InpIndexR
                0x1fff00bc        0x2 ./Generated_Code/Inhr1.o
 .bss.InpIndexW
                0x1fff00be        0x2 ./Generated_Code/Inhr1.o
 .bss.InpBuffer
                0x1fff00c0        0x8 ./Generated_Code/Inhr1.o
 .bss.BufferRead
                0x1fff00c8        0x1 ./Generated_Code/Inhr1.o
 *fill*         0x1fff00c9        0x1 
 .bss.Inhr1_OutLen
                0x1fff00ca        0x2 ./Generated_Code/Inhr1.o
 .bss.OutIndexR
                0x1fff00cc        0x2 ./Generated_Code/Inhr1.o
 .bss.OutIndexW
                0x1fff00ce        0x2 ./Generated_Code/Inhr1.o
 .bss.OutBuffer
                0x1fff00d0       0x80 ./Generated_Code/Inhr1.o
 .bss.PE_LDD_DeviceDataList
                0x1fff0150       0x14 ./Generated_Code/PE_LDD.o
                0x1fff0150                PE_LDD_DeviceDataList
 .bss.DeviceDataPrv__DEFAULT_RTOS_ALLOC
                0x1fff0164        0xc ./Generated_Code/PwmLdd1.o
 .bss.DeviceDataPrv__DEFAULT_RTOS_ALLOC
                0x1fff0170        0xc ./Generated_Code/PwmLdd2.o
 .bss.DeviceDataPrv__DEFAULT_RTOS_ALLOC
                0x1fff017c        0xc ./Generated_Code/PwmLdd3.o
 .bss.DeviceDataPrv__DEFAULT_RTOS_ALLOC
                0x1fff0188        0x8 ./Generated_Code/TU1.o
 .bss.__malloc_sbrk_start
                0x1fff0190        0x4 c:/freescale/kds_v3/toolchain/bin/../lib/gcc/arm-none-eabi/4.8.4/../../../../arm-none-eabi/lib/armv7e-m/fpu\libg_s.a(lib_a-nano-mallocr.o)
                0x1fff0190                __malloc_sbrk_start
 .bss.__malloc_free_list
                0x1fff0194        0x4 c:/freescale/kds_v3/toolchain/bin/../lib/gcc/arm-none-eabi/4.8.4/../../../../arm-none-eabi/lib/armv7e-m/fpu\libg_s.a(lib_a-nano-mallocr.o)
                0x1fff0194                __malloc_free_list
 .bss.heap_end.4246
                0x1fff0198        0x4 c:/freescale/kds_v3/toolchain/bin/../lib/gcc/arm-none-eabi/4.8.4/../../../../arm-none-eabi/lib/armv7e-m/fpu\libnosys.a(sbrk.o)
 *(COMMON)
 COMMON         0x1fff019c        0x1 ./Static_Code/System/CPU_Init.o
                0x1fff019c                SR_reg
 *fill*         0x1fff019d        0x3 
 COMMON         0x1fff01a0       0x64 ./Sources/main.o
                0x1fff01a0                buffer
 COMMON         0x1fff0204        0x4 ./Generated_Code/Inhr1.o
                0x1fff0204                ASerialLdd1_DeviceDataPtr
 COMMON         0x1fff0208        0x4 c:/freescale/kds_v3/toolchain/bin/../lib/gcc/arm-none-eabi/4.8.4/../../../../arm-none-eabi/lib/armv7e-m/fpu\libg_s.a(lib_a-reent.o)
                0x1fff0208                errno
                0x1fff020c                . = ALIGN (0x4)
                0x1fff020c                __END_BSS = .
                0x1fff020c                PROVIDE (__bss_end__, __END_BSS)
                0x0000359c                _romp_at = ((___ROM_AT + SIZEOF (.data)) + SIZEOF (.m_data_20000000))

.romp           0x1fff020c       0x24 load address 0x0000359c
                0x0000359c                __S_romp = _romp_at
                0x1fff020c        0x4 LONG 0x3534 ___ROM_AT
                0x1fff0210        0x4 LONG 0x1fff0000 _sdata
                0x1fff0214        0x4 LONG 0x68 ___data_size
                0x1fff0218        0x4 LONG 0x359c ___m_data_20000000_ROMStart
                0x1fff021c        0x4 LONG 0x20000000 ___m_data_20000000_RAMStart
                0x1fff0220        0x4 LONG 0x0 ___m_data_20000000_ROMSize
                0x1fff0224        0x4 LONG 0x0
                0x1fff0228        0x4 LONG 0x0
                0x1fff022c        0x4 LONG 0x0
                0x00080000                text_end = (ORIGIN (m_text) + 0x7fbf0)
                0x000035c0                data_init_end = ((___m_data_20000000_ROMStart + SIZEOF (.m_data_20000000)) + SIZEOF (.romp))
                0x00000001                ASSERT ((data_init_end <= text_end), region m_text overflowed with text and data)

._user_heap_stack
                0x1fff0230      0x400 load address 0x000035c0
                0x1fff0230                . = ALIGN (0x4)
                0x1fff0230                PROVIDE (end, .)
                0x1fff0230                PROVIDE (_end, .)
                0x1fff0230                PROVIDE (__end__, .)
                0x1fff0230                __heap_addr = .
                0x1fff0230                __HeapBase = .
                0x1fff0230                . = (. + __heap_size)
                0x1fff0230                __HeapLimit = .
                0x1fff0630                . = (. + __stack_size)
 *fill*         0x1fff0230      0x400 
                0x1fff0630                . = ALIGN (0x4)

.ARM.attributes
                0x00000000       0x30
 *(.ARM.attributes)
 .ARM.attributes
                0x00000000       0x22 c:/freescale/kds_v3/toolchain/bin/../lib/gcc/arm-none-eabi/4.8.4/armv7e-m/fpu/crti.o
 .ARM.attributes
                0x00000022       0x34 c:/freescale/kds_v3/toolchain/bin/../lib/gcc/arm-none-eabi/4.8.4/armv7e-m/fpu/crtbegin.o
 .ARM.attributes
                0x00000056       0x20 c:/freescale/kds_v3/toolchain/bin/../lib/gcc/arm-none-eabi/4.8.4/../../../../arm-none-eabi/lib/armv7e-m/fpu/crt0.o
 .ARM.attributes
                0x00000076       0x39 ./Static_Code/System/CPU_Init.o
 .ARM.attributes
                0x000000af       0x39 ./Static_Code/System/Vectors.o
 .ARM.attributes
                0x000000e8       0x39 ./Sources/Events.o
 .ARM.attributes
                0x00000121       0x39 ./Sources/main.o
 .ARM.attributes
                0x0000015a       0x39 ./Project_Settings/Startup_Code/startup.o
 .ARM.attributes
                0x00000193       0x39 ./Generated_Code/ASerialLdd1.o
 .ARM.attributes
                0x000001cc       0x39 ./Generated_Code/Cpu.o
 .ARM.attributes
                0x00000205       0x39 ./Generated_Code/Inhr1.o
 .ARM.attributes
                0x0000023e       0x39 ./Generated_Code/PE_LDD.o
 .ARM.attributes
                0x00000277       0x39 ./Generated_Code/PwmLdd1.o
 .ARM.attributes
                0x000002b0       0x39 ./Generated_Code/PwmLdd2.o
 .ARM.attributes
                0x000002e9       0x39 ./Generated_Code/PwmLdd3.o
 .ARM.attributes
                0x00000322       0x39 ./Generated_Code/TU1.o
 .ARM.attributes
                0x0000035b       0x39 ./Generated_Code/Term1.o
 .ARM.attributes
                0x00000394       0x34 c:/freescale/kds_v3/toolchain/bin/../lib/gcc/arm-none-eabi/4.8.4/../../../../arm-none-eabi/lib/armv7e-m/fpu\libg_s.a(lib_a-exit.o)
 .ARM.attributes
                0x000003c8       0x34 c:/freescale/kds_v3/toolchain/bin/../lib/gcc/arm-none-eabi/4.8.4/../../../../arm-none-eabi/lib/armv7e-m/fpu\libg_s.a(lib_a-impure.o)
 .ARM.attributes
                0x000003fc       0x34 c:/freescale/kds_v3/toolchain/bin/../lib/gcc/arm-none-eabi/4.8.4/../../../../arm-none-eabi/lib/armv7e-m/fpu\libg_s.a(lib_a-init.o)
 .ARM.attributes
                0x00000430       0x34 c:/freescale/kds_v3/toolchain/bin/../lib/gcc/arm-none-eabi/4.8.4/../../../../arm-none-eabi/lib/armv7e-m/fpu\libg_s.a(lib_a-memset.o)
 .ARM.attributes
                0x00000464       0x34 c:/freescale/kds_v3/toolchain/bin/../lib/gcc/arm-none-eabi/4.8.4/../../../../arm-none-eabi/lib/armv7e-m/fpu\libg_s.a(lib_a-sscanf.o)
 .ARM.attributes
                0x00000498       0x34 c:/freescale/kds_v3/toolchain/bin/../lib/gcc/arm-none-eabi/4.8.4/../../../../arm-none-eabi/lib/armv7e-m/fpu\libg_s.a(lib_a-stdio.o)
 .ARM.attributes
                0x000004cc       0x34 c:/freescale/kds_v3/toolchain/bin/../lib/gcc/arm-none-eabi/4.8.4/../../../../arm-none-eabi/lib/armv7e-m/fpu\libg_s.a(lib_a-strlen.o)
 .ARM.attributes
                0x00000500       0x34 c:/freescale/kds_v3/toolchain/bin/../lib/gcc/arm-none-eabi/4.8.4/../../../../arm-none-eabi/lib/armv7e-m/fpu\libg_s.a(lib_a-svfscanf.o)
 .ARM.attributes
                0x00000534       0x34 c:/freescale/kds_v3/toolchain/bin/../lib/gcc/arm-none-eabi/4.8.4/../../../../arm-none-eabi/lib/armv7e-m/fpu\libg_s.a(lib_a-ungetc.o)
 .ARM.attributes
                0x00000568       0x34 c:/freescale/kds_v3/toolchain/bin/../lib/gcc/arm-none-eabi/4.8.4/../../../../arm-none-eabi/lib/armv7e-m/fpu\libg_s.a(lib_a-vfscanf_i.o)
 .ARM.attributes
                0x0000059c       0x34 c:/freescale/kds_v3/toolchain/bin/../lib/gcc/arm-none-eabi/4.8.4/../../../../arm-none-eabi/lib/armv7e-m/fpu\libg_s.a(lib_a-ctype_.o)
 .ARM.attributes
                0x000005d0       0x34 c:/freescale/kds_v3/toolchain/bin/../lib/gcc/arm-none-eabi/4.8.4/../../../../arm-none-eabi/lib/armv7e-m/fpu\libg_s.a(lib_a-findfp.o)
 .ARM.attributes
                0x00000604       0x34 c:/freescale/kds_v3/toolchain/bin/../lib/gcc/arm-none-eabi/4.8.4/../../../../arm-none-eabi/lib/armv7e-m/fpu\libg_s.a(lib_a-memchr-stub.o)
 .ARM.attributes
                0x00000638       0x34 c:/freescale/kds_v3/toolchain/bin/../lib/gcc/arm-none-eabi/4.8.4/../../../../arm-none-eabi/lib/armv7e-m/fpu\libg_s.a(lib_a-memcpy-stub.o)
 .ARM.attributes
                0x0000066c       0x34 c:/freescale/kds_v3/toolchain/bin/../lib/gcc/arm-none-eabi/4.8.4/../../../../arm-none-eabi/lib/armv7e-m/fpu\libg_s.a(lib_a-nano-freer.o)
 .ARM.attributes
                0x000006a0       0x34 c:/freescale/kds_v3/toolchain/bin/../lib/gcc/arm-none-eabi/4.8.4/../../../../arm-none-eabi/lib/armv7e-m/fpu\libg_s.a(lib_a-nano-mallocr.o)
 .ARM.attributes
                0x000006d4       0x34 c:/freescale/kds_v3/toolchain/bin/../lib/gcc/arm-none-eabi/4.8.4/../../../../arm-none-eabi/lib/armv7e-m/fpu\libg_s.a(lib_a-nano-reallocr.o)
 .ARM.attributes
                0x00000708       0x34 c:/freescale/kds_v3/toolchain/bin/../lib/gcc/arm-none-eabi/4.8.4/../../../../arm-none-eabi/lib/armv7e-m/fpu\libg_s.a(lib_a-reent.o)
 .ARM.attributes
                0x0000073c       0x34 c:/freescale/kds_v3/toolchain/bin/../lib/gcc/arm-none-eabi/4.8.4/../../../../arm-none-eabi/lib/armv7e-m/fpu\libg_s.a(lib_a-sbrkr.o)
 .ARM.attributes
                0x00000770       0x34 c:/freescale/kds_v3/toolchain/bin/../lib/gcc/arm-none-eabi/4.8.4/../../../../arm-none-eabi/lib/armv7e-m/fpu\libg_s.a(lib_a-sccl.o)
 .ARM.attributes
                0x000007a4       0x34 c:/freescale/kds_v3/toolchain/bin/../lib/gcc/arm-none-eabi/4.8.4/../../../../arm-none-eabi/lib/armv7e-m/fpu\libg_s.a(lib_a-strtol.o)
 .ARM.attributes
                0x000007d8       0x34 c:/freescale/kds_v3/toolchain/bin/../lib/gcc/arm-none-eabi/4.8.4/../../../../arm-none-eabi/lib/armv7e-m/fpu\libg_s.a(lib_a-strtoul.o)
 .ARM.attributes
                0x0000080c       0x34 c:/freescale/kds_v3/toolchain/bin/../lib/gcc/arm-none-eabi/4.8.4/../../../../arm-none-eabi/lib/armv7e-m/fpu\libg_s.a(lib_a-nano-msizer.o)
 .ARM.attributes
                0x00000840       0x34 c:/freescale/kds_v3/toolchain/bin/../lib/gcc/arm-none-eabi/4.8.4/../../../../arm-none-eabi/lib/armv7e-m/fpu\libnosys.a(sbrk.o)
 .ARM.attributes
                0x00000874       0x34 c:/freescale/kds_v3/toolchain/bin/../lib/gcc/arm-none-eabi/4.8.4/../../../../arm-none-eabi/lib/armv7e-m/fpu\libnosys.a(_exit.o)
 .ARM.attributes
                0x000008a8       0x22 c:/freescale/kds_v3/toolchain/bin/../lib/gcc/arm-none-eabi/4.8.4/armv7e-m/fpu/crtn.o
OUTPUT(LAb7.elf elf32-littlearm)

.debug_info     0x00000000     0x3e40
 .debug_info    0x00000000      0xab8 ./Static_Code/System/CPU_Init.o
 .debug_info    0x00000ab8      0x826 ./Static_Code/System/Vectors.o
 .debug_info    0x000012de      0x10b ./Sources/Events.o
 .debug_info    0x000013e9      0x1d6 ./Sources/main.o
 .debug_info    0x000015bf      0x3b0 ./Project_Settings/Startup_Code/startup.o
 .debug_info    0x0000196f      0xa74 ./Generated_Code/ASerialLdd1.o
 .debug_info    0x000023e3       0xa7 ./Generated_Code/Cpu.o
 .debug_info    0x0000248a      0x377 ./Generated_Code/Inhr1.o
 .debug_info    0x00002801      0x251 ./Generated_Code/PE_LDD.o
 .debug_info    0x00002a52      0x333 ./Generated_Code/PwmLdd1.o
 .debug_info    0x00002d85      0x333 ./Generated_Code/PwmLdd2.o
 .debug_info    0x000030b8      0x333 ./Generated_Code/PwmLdd3.o
 .debug_info    0x000033eb      0x766 ./Generated_Code/TU1.o
 .debug_info    0x00003b51      0x2ef ./Generated_Code/Term1.o

.debug_abbrev   0x00000000     0x1117
 .debug_abbrev  0x00000000      0x1bf ./Static_Code/System/CPU_Init.o
 .debug_abbrev  0x000001bf       0xd8 ./Static_Code/System/Vectors.o
 .debug_abbrev  0x00000297       0xa9 ./Sources/Events.o
 .debug_abbrev  0x00000340      0x125 ./Sources/main.o
 .debug_abbrev  0x00000465      0x189 ./Project_Settings/Startup_Code/startup.o
 .debug_abbrev  0x000005ee      0x1e8 ./Generated_Code/ASerialLdd1.o
 .debug_abbrev  0x000007d6       0x45 ./Generated_Code/Cpu.o
 .debug_abbrev  0x0000081b      0x18f ./Generated_Code/Inhr1.o
 .debug_abbrev  0x000009aa      0x10d ./Generated_Code/PE_LDD.o
 .debug_abbrev  0x00000ab7      0x122 ./Generated_Code/PwmLdd1.o
 .debug_abbrev  0x00000bd9      0x122 ./Generated_Code/PwmLdd2.o
 .debug_abbrev  0x00000cfb      0x122 ./Generated_Code/PwmLdd3.o
 .debug_abbrev  0x00000e1d      0x198 ./Generated_Code/TU1.o
 .debug_abbrev  0x00000fb5      0x162 ./Generated_Code/Term1.o

.debug_aranges  0x00000000      0x6b8
 .debug_aranges
                0x00000000       0x40 ./Static_Code/System/CPU_Init.o
 .debug_aranges
                0x00000040      0x340 ./Static_Code/System/Vectors.o
 .debug_aranges
                0x00000380       0x28 ./Sources/Events.o
 .debug_aranges
                0x000003a8       0x28 ./Sources/main.o
 .debug_aranges
                0x000003d0       0x50 ./Project_Settings/Startup_Code/startup.o
 .debug_aranges
                0x00000420       0x50 ./Generated_Code/ASerialLdd1.o
 .debug_aranges
                0x00000470       0x28 ./Generated_Code/Cpu.o
 .debug_aranges
                0x00000498       0x60 ./Generated_Code/Inhr1.o
 .debug_aranges
                0x000004f8       0x30 ./Generated_Code/PE_LDD.o
 .debug_aranges
                0x00000528       0x48 ./Generated_Code/PwmLdd1.o
 .debug_aranges
                0x00000570       0x48 ./Generated_Code/PwmLdd2.o
 .debug_aranges
                0x000005b8       0x48 ./Generated_Code/PwmLdd3.o
 .debug_aranges
                0x00000600       0x48 ./Generated_Code/TU1.o
 .debug_aranges
                0x00000648       0x70 ./Generated_Code/Term1.o

.debug_ranges   0x00000000      0x5d8
 .debug_ranges  0x00000000       0x30 ./Static_Code/System/CPU_Init.o
 .debug_ranges  0x00000030      0x330 ./Static_Code/System/Vectors.o
 .debug_ranges  0x00000360       0x18 ./Sources/Events.o
 .debug_ranges  0x00000378       0x18 ./Sources/main.o
 .debug_ranges  0x00000390       0x40 ./Project_Settings/Startup_Code/startup.o
 .debug_ranges  0x000003d0       0x40 ./Generated_Code/ASerialLdd1.o
 .debug_ranges  0x00000410       0x18 ./Generated_Code/Cpu.o
 .debug_ranges  0x00000428       0x50 ./Generated_Code/Inhr1.o
 .debug_ranges  0x00000478       0x20 ./Generated_Code/PE_LDD.o
 .debug_ranges  0x00000498       0x38 ./Generated_Code/PwmLdd1.o
 .debug_ranges  0x000004d0       0x38 ./Generated_Code/PwmLdd2.o
 .debug_ranges  0x00000508       0x38 ./Generated_Code/PwmLdd3.o
 .debug_ranges  0x00000540       0x38 ./Generated_Code/TU1.o
 .debug_ranges  0x00000578       0x60 ./Generated_Code/Term1.o

.debug_macro    0x00000000    0x248a0
 .debug_macro   0x00000000      0x1f4 ./Static_Code/System/CPU_Init.o
 .debug_macro   0x000001f4      0x850 ./Static_Code/System/CPU_Init.o
 .debug_macro   0x00000a44       0x16 ./Static_Code/System/CPU_Init.o
 .debug_macro   0x00000a5a       0x44 ./Static_Code/System/CPU_Init.o
 .debug_macro   0x00000a9e      0x209 ./Static_Code/System/CPU_Init.o
 .debug_macro   0x00000ca7     0x1791 ./Static_Code/System/CPU_Init.o
 .debug_macro   0x00002438     0xbca7 ./Static_Code/System/CPU_Init.o
 .debug_macro   0x0000e0df      0x4c6 ./Static_Code/System/CPU_Init.o
 .debug_macro   0x0000e5a5      0x14e ./Static_Code/System/CPU_Init.o
 .debug_macro   0x0000e6f3       0x6a ./Static_Code/System/CPU_Init.o
 .debug_macro   0x0000e75d       0x58 ./Static_Code/System/CPU_Init.o
 .debug_macro   0x0000e7b5       0x35 ./Static_Code/System/CPU_Init.o
 .debug_macro   0x0000e7ea       0xa3 ./Static_Code/System/CPU_Init.o
 .debug_macro   0x0000e88d       0x16 ./Static_Code/System/CPU_Init.o
 .debug_macro   0x0000e8a3       0x94 ./Static_Code/System/CPU_Init.o
 .debug_macro   0x0000e937      0x6a0 ./Static_Code/System/CPU_Init.o
 .debug_macro   0x0000efd7       0x82 ./Static_Code/System/CPU_Init.o
 .debug_macro   0x0000f059       0x3e ./Static_Code/System/CPU_Init.o
 .debug_macro   0x0000f097       0x2c ./Static_Code/System/CPU_Init.o
 .debug_macro   0x0000f0c3       0x44 ./Static_Code/System/CPU_Init.o
 .debug_macro   0x0000f107       0x2c ./Static_Code/System/CPU_Init.o
 .debug_macro   0x0000f133       0x44 ./Static_Code/System/CPU_Init.o
 .debug_macro   0x0000f177       0x2c ./Static_Code/System/CPU_Init.o
 .debug_macro   0x0000f1a3       0x3a ./Static_Code/System/CPU_Init.o
 .debug_macro   0x0000f1dd       0x65 ./Static_Code/System/CPU_Init.o
 .debug_macro   0x0000f242       0x1f ./Static_Code/System/CPU_Init.o
 .debug_macro   0x0000f261      0x29c ./Static_Code/System/CPU_Init.o
 .debug_macro   0x0000f4fd      0x1e2 ./Static_Code/System/Vectors.o
 .debug_macro   0x0000f6df      0x3c9 ./Sources/Events.o
 .debug_macro   0x0000faa8      0x61c ./Sources/Events.o
 .debug_macro   0x000100c4      0x328 ./Sources/Events.o
 .debug_macro   0x000103ec      0x109 ./Sources/Events.o
 .debug_macro   0x000104f5      0x17f ./Sources/Events.o
 .debug_macro   0x00010674      0x202 ./Sources/Events.o
 .debug_macro   0x00010876      0x91e ./Sources/Events.o
 .debug_macro   0x00011194       0x9e ./Sources/Events.o
 .debug_macro   0x00011232      0x1f9 ./Sources/Events.o
 .debug_macro   0x0001142b      0x39c ./Sources/Events.o
 .debug_macro   0x000117c7      0x132 ./Sources/Events.o
 .debug_macro   0x000118f9      0x29c ./Sources/Events.o
 .debug_macro   0x00011b95      0x264 ./Sources/Events.o
 .debug_macro   0x00011df9      0x25b ./Sources/Events.o
 .debug_macro   0x00012054      0x399 ./Sources/Events.o
 .debug_macro   0x000123ed      0x4f1 ./Sources/Events.o
 .debug_macro   0x000128de      0x13f ./Sources/Events.o
 .debug_macro   0x00012a1d       0x6c ./Sources/Events.o
 .debug_macro   0x00012a89      0x30d ./Sources/Events.o
 .debug_macro   0x00012d96       0xbb ./Sources/Events.o
 .debug_macro   0x00012e51       0xe9 ./Sources/Events.o
 .debug_macro   0x00012f3a      0x4ea ./Sources/Events.o
 .debug_macro   0x00013424      0x18f ./Sources/Events.o
 .debug_macro   0x000135b3       0xea ./Sources/Events.o
 .debug_macro   0x0001369d      0x344 ./Sources/Events.o
 .debug_macro   0x000139e1      0x824 ./Sources/Events.o
 .debug_macro   0x00014205      0x179 ./Sources/Events.o
 .debug_macro   0x0001437e      0x9e2 ./Sources/Events.o
 .debug_macro   0x00014d60      0x129 ./Sources/Events.o
 .debug_macro   0x00014e89      0x648 ./Sources/Events.o
 .debug_macro   0x000154d1       0x81 ./Sources/Events.o
 .debug_macro   0x00015552      0x7bf ./Sources/Events.o
 .debug_macro   0x00015d11      0x66f ./Sources/Events.o
 .debug_macro   0x00016380       0x7b ./Sources/Events.o
 .debug_macro   0x000163fb      0x182 ./Sources/Events.o
 .debug_macro   0x0001657d       0x1c ./Sources/Events.o
 .debug_macro   0x00016599       0x97 ./Sources/Events.o
 .debug_macro   0x00016630       0x10 ./Sources/Events.o
 .debug_macro   0x00016640       0xef ./Sources/Events.o
 .debug_macro   0x0001672f       0x52 ./Sources/Events.o
 .debug_macro   0x00016781       0x16 ./Sources/Events.o
 .debug_macro   0x00016797       0x43 ./Sources/Events.o
 .debug_macro   0x000167da      0x180 ./Sources/Events.o
 .debug_macro   0x0001695a       0x10 ./Sources/Events.o
 .debug_macro   0x0001696a       0x22 ./Sources/Events.o
 .debug_macro   0x0001698c       0xbd ./Sources/Events.o
 .debug_macro   0x00016a49       0x16 ./Sources/Events.o
 .debug_macro   0x00016a5f      0x14a ./Sources/Events.o
 .debug_macro   0x00016ba9      0x2a6 ./Sources/Events.o
 .debug_macro   0x00016e4f       0x10 ./Sources/Events.o
 .debug_macro   0x00016e5f       0x35 ./Sources/Events.o
 .debug_macro   0x00016e94       0x22 ./Sources/Events.o
 .debug_macro   0x00016eb6      0x3aa ./Sources/main.o
 .debug_macro   0x00017260      0x166 ./Sources/main.o
 .debug_macro   0x000173c6       0x16 ./Sources/main.o
 .debug_macro   0x000173dc       0x22 ./Sources/main.o
 .debug_macro   0x000173fe      0x121 ./Project_Settings/Startup_Code/startup.o
 .debug_macro   0x0001751f       0x4a ./Project_Settings/Startup_Code/startup.o
 .debug_macro   0x00017569       0x10 ./Project_Settings/Startup_Code/startup.o
 .debug_macro   0x00017579      0x20f ./Project_Settings/Startup_Code/startup.o
 .debug_macro   0x00017788     0xbc9b ./Project_Settings/Startup_Code/startup.o
 .debug_macro   0x00023423      0x113 ./Generated_Code/ASerialLdd1.o
 .debug_macro   0x00023536       0x5f ./Generated_Code/ASerialLdd1.o
 .debug_macro   0x00023595       0x25 ./Generated_Code/ASerialLdd1.o
 .debug_macro   0x000235ba      0x7b9 ./Generated_Code/ASerialLdd1.o
 .debug_macro   0x00023d73      0x1d4 ./Generated_Code/Cpu.o
 .debug_macro   0x00023f47      0x242 ./Generated_Code/Inhr1.o
 .debug_macro   0x00024189      0x197 ./Generated_Code/PE_LDD.o
 .debug_macro   0x00024320      0x112 ./Generated_Code/PwmLdd1.o
 .debug_macro   0x00024432      0x112 ./Generated_Code/PwmLdd2.o
 .debug_macro   0x00024544      0x112 ./Generated_Code/PwmLdd3.o
 .debug_macro   0x00024656      0x110 ./Generated_Code/TU1.o
 .debug_macro   0x00024766      0x106 ./Generated_Code/Term1.o
 .debug_macro   0x0002486c       0x34 ./Generated_Code/Term1.o

.debug_line     0x00000000     0x4f9b
 .debug_line    0x00000000      0x622 ./Static_Code/System/CPU_Init.o
 .debug_line    0x00000622      0xbc1 ./Static_Code/System/Vectors.o
 .debug_line    0x000011e3      0x726 ./Sources/Events.o
 .debug_line    0x00001909      0x7d0 ./Sources/main.o
 .debug_line    0x000020d9      0x40e ./Project_Settings/Startup_Code/startup.o
 .debug_line    0x000024e7      0x4df ./Generated_Code/ASerialLdd1.o
 .debug_line    0x000029c6      0x502 ./Generated_Code/Cpu.o
 .debug_line    0x00002ec8      0x631 ./Generated_Code/Inhr1.o
 .debug_line    0x000034f9      0x48b ./Generated_Code/PE_LDD.o
 .debug_line    0x00003984      0x443 ./Generated_Code/PwmLdd1.o
 .debug_line    0x00003dc7      0x443 ./Generated_Code/PwmLdd2.o
 .debug_line    0x0000420a      0x443 ./Generated_Code/PwmLdd3.o
 .debug_line    0x0000464d      0x469 ./Generated_Code/TU1.o
 .debug_line    0x00004ab6      0x4e5 ./Generated_Code/Term1.o

.debug_str      0x00000000    0xbd36c
 .debug_str     0x00000000    0x575df ./Static_Code/System/CPU_Init.o
                              0x5778f (size before relaxing)
 .debug_str     0x000575df      0x980 ./Static_Code/System/Vectors.o
                              0x57bb0 (size before relaxing)
 .debug_str     0x00057f5f    0x64506 ./Sources/Events.o
                              0xba99e (size before relaxing)
 .debug_str     0x000bc465      0x104 ./Sources/main.o
                              0xba085 (size before relaxing)
 .debug_str     0x000bc569       0xea ./Project_Settings/Startup_Code/startup.o
                              0x45be5 (size before relaxing)
 .debug_str     0x000bc653      0x3c2 ./Generated_Code/ASerialLdd1.o
                              0x5b54a (size before relaxing)
 .debug_str     0x000bca15       0x28 ./Generated_Code/Cpu.o
                              0x56202 (size before relaxing)
 .debug_str     0x000bca3d      0x263 ./Generated_Code/Inhr1.o
                              0x564d2 (size before relaxing)
 .debug_str     0x000bcca0      0x16b ./Generated_Code/PE_LDD.o
                              0x5639b (size before relaxing)
 .debug_str     0x000bce0b       0xe1 ./Generated_Code/PwmLdd1.o
                              0x5598b (size before relaxing)
 .debug_str     0x000bceec       0x94 ./Generated_Code/PwmLdd2.o
                              0x5598b (size before relaxing)
 .debug_str     0x000bcf80       0x94 ./Generated_Code/PwmLdd3.o
                              0x5598b (size before relaxing)
 .debug_str     0x000bd014      0x269 ./Generated_Code/TU1.o
                              0x55a9a (size before relaxing)
 .debug_str     0x000bd27d       0xef ./Generated_Code/Term1.o
                              0x4c62d (size before relaxing)

.comment        0x00000000       0x70
 .comment       0x00000000       0x70 ./Static_Code/System/CPU_Init.o
                                 0x71 (size before relaxing)
 .comment       0x00000000       0x71 ./Static_Code/System/Vectors.o
 .comment       0x00000000       0x71 ./Sources/Events.o
 .comment       0x00000000       0x71 ./Sources/main.o
 .comment       0x00000000       0x71 ./Project_Settings/Startup_Code/startup.o
 .comment       0x00000000       0x71 ./Generated_Code/ASerialLdd1.o
 .comment       0x00000000       0x71 ./Generated_Code/Cpu.o
 .comment       0x00000000       0x71 ./Generated_Code/Inhr1.o
 .comment       0x00000000       0x71 ./Generated_Code/PE_LDD.o
 .comment       0x00000000       0x71 ./Generated_Code/PwmLdd1.o
 .comment       0x00000000       0x71 ./Generated_Code/PwmLdd2.o
 .comment       0x00000000       0x71 ./Generated_Code/PwmLdd3.o
 .comment       0x00000000       0x71 ./Generated_Code/TU1.o
 .comment       0x00000000       0x71 ./Generated_Code/Term1.o

.debug_frame    0x00000000     0x1c24
 .debug_frame   0x00000000       0x9c ./Static_Code/System/CPU_Init.o
 .debug_frame   0x0000009c      0xcb0 ./Static_Code/System/Vectors.o
 .debug_frame   0x00000d4c       0x48 ./Sources/Events.o
 .debug_frame   0x00000d94       0x4c ./Sources/main.o
 .debug_frame   0x00000de0       0xc0 ./Project_Settings/Startup_Code/startup.o
 .debug_frame   0x00000ea0       0xec ./Generated_Code/ASerialLdd1.o
 .debug_frame   0x00000f8c       0x50 ./Generated_Code/Cpu.o
 .debug_frame   0x00000fdc      0x118 ./Generated_Code/Inhr1.o
 .debug_frame   0x000010f4       0x64 ./Generated_Code/PE_LDD.o
 .debug_frame   0x00001158       0xd0 ./Generated_Code/PwmLdd1.o
 .debug_frame   0x00001228       0xd0 ./Generated_Code/PwmLdd2.o
 .debug_frame   0x000012f8       0xd0 ./Generated_Code/PwmLdd3.o
 .debug_frame   0x000013c8       0xbc ./Generated_Code/TU1.o
 .debug_frame   0x00001484      0x15c ./Generated_Code/Term1.o
 .debug_frame   0x000015e0       0x28 c:/freescale/kds_v3/toolchain/bin/../lib/gcc/arm-none-eabi/4.8.4/../../../../arm-none-eabi/lib/armv7e-m/fpu\libg_s.a(lib_a-exit.o)
 .debug_frame   0x00001608       0x2c c:/freescale/kds_v3/toolchain/bin/../lib/gcc/arm-none-eabi/4.8.4/../../../../arm-none-eabi/lib/armv7e-m/fpu\libg_s.a(lib_a-init.o)
 .debug_frame   0x00001634       0x20 c:/freescale/kds_v3/toolchain/bin/../lib/gcc/arm-none-eabi/4.8.4/../../../../arm-none-eabi/lib/armv7e-m/fpu\libg_s.a(lib_a-memset.o)
 .debug_frame   0x00001654       0x60 c:/freescale/kds_v3/toolchain/bin/../lib/gcc/arm-none-eabi/4.8.4/../../../../arm-none-eabi/lib/armv7e-m/fpu\libg_s.a(lib_a-sscanf.o)
 .debug_frame   0x000016b4       0x80 c:/freescale/kds_v3/toolchain/bin/../lib/gcc/arm-none-eabi/4.8.4/../../../../arm-none-eabi/lib/armv7e-m/fpu\libg_s.a(lib_a-stdio.o)
 .debug_frame   0x00001734       0x20 c:/freescale/kds_v3/toolchain/bin/../lib/gcc/arm-none-eabi/4.8.4/../../../../arm-none-eabi/lib/armv7e-m/fpu\libg_s.a(lib_a-strlen.o)
 .debug_frame   0x00001754       0x6c c:/freescale/kds_v3/toolchain/bin/../lib/gcc/arm-none-eabi/4.8.4/../../../../arm-none-eabi/lib/armv7e-m/fpu\libg_s.a(lib_a-svfscanf.o)
 .debug_frame   0x000017c0       0x5c c:/freescale/kds_v3/toolchain/bin/../lib/gcc/arm-none-eabi/4.8.4/../../../../arm-none-eabi/lib/armv7e-m/fpu\libg_s.a(lib_a-ungetc.o)
 .debug_frame   0x0000181c       0x58 c:/freescale/kds_v3/toolchain/bin/../lib/gcc/arm-none-eabi/4.8.4/../../../../arm-none-eabi/lib/armv7e-m/fpu\libg_s.a(lib_a-vfscanf_i.o)
 .debug_frame   0x00001874      0x12c c:/freescale/kds_v3/toolchain/bin/../lib/gcc/arm-none-eabi/4.8.4/../../../../arm-none-eabi/lib/armv7e-m/fpu\libg_s.a(lib_a-findfp.o)
 .debug_frame   0x000019a0       0x28 c:/freescale/kds_v3/toolchain/bin/../lib/gcc/arm-none-eabi/4.8.4/../../../../arm-none-eabi/lib/armv7e-m/fpu\libg_s.a(lib_a-memchr-stub.o)
 .debug_frame   0x000019c8       0x28 c:/freescale/kds_v3/toolchain/bin/../lib/gcc/arm-none-eabi/4.8.4/../../../../arm-none-eabi/lib/armv7e-m/fpu\libg_s.a(lib_a-memcpy-stub.o)
 .debug_frame   0x000019f0       0x2c c:/freescale/kds_v3/toolchain/bin/../lib/gcc/arm-none-eabi/4.8.4/../../../../arm-none-eabi/lib/armv7e-m/fpu\libg_s.a(lib_a-nano-freer.o)
 .debug_frame   0x00001a1c       0x2c c:/freescale/kds_v3/toolchain/bin/../lib/gcc/arm-none-eabi/4.8.4/../../../../arm-none-eabi/lib/armv7e-m/fpu\libg_s.a(lib_a-nano-mallocr.o)
 .debug_frame   0x00001a48       0x30 c:/freescale/kds_v3/toolchain/bin/../lib/gcc/arm-none-eabi/4.8.4/../../../../arm-none-eabi/lib/armv7e-m/fpu\libg_s.a(lib_a-nano-reallocr.o)
 .debug_frame   0x00001a78       0x48 c:/freescale/kds_v3/toolchain/bin/../lib/gcc/arm-none-eabi/4.8.4/../../../../arm-none-eabi/lib/armv7e-m/fpu\libg_s.a(lib_a-reent.o)
 .debug_frame   0x00001ac0       0x2c c:/freescale/kds_v3/toolchain/bin/../lib/gcc/arm-none-eabi/4.8.4/../../../../arm-none-eabi/lib/armv7e-m/fpu\libg_s.a(lib_a-sbrkr.o)
 .debug_frame   0x00001aec       0x30 c:/freescale/kds_v3/toolchain/bin/../lib/gcc/arm-none-eabi/4.8.4/../../../../arm-none-eabi/lib/armv7e-m/fpu\libg_s.a(lib_a-sccl.o)
 .debug_frame   0x00001b1c       0x54 c:/freescale/kds_v3/toolchain/bin/../lib/gcc/arm-none-eabi/4.8.4/../../../../arm-none-eabi/lib/armv7e-m/fpu\libg_s.a(lib_a-strtol.o)
 .debug_frame   0x00001b70       0x54 c:/freescale/kds_v3/toolchain/bin/../lib/gcc/arm-none-eabi/4.8.4/../../../../arm-none-eabi/lib/armv7e-m/fpu\libg_s.a(lib_a-strtoul.o)
 .debug_frame   0x00001bc4       0x20 c:/freescale/kds_v3/toolchain/bin/../lib/gcc/arm-none-eabi/4.8.4/../../../../arm-none-eabi/lib/armv7e-m/fpu\libg_s.a(lib_a-nano-msizer.o)
 .debug_frame   0x00001be4       0x20 c:/freescale/kds_v3/toolchain/bin/../lib/gcc/arm-none-eabi/4.8.4/../../../../arm-none-eabi/lib/armv7e-m/fpu\libnosys.a(sbrk.o)
 .debug_frame   0x00001c04       0x20 c:/freescale/kds_v3/toolchain/bin/../lib/gcc/arm-none-eabi/4.8.4/../../../../arm-none-eabi/lib/armv7e-m/fpu\libnosys.a(_exit.o)

.stabstr        0x00000000       0xdf
 .stabstr       0x00000000       0xdf c:/freescale/kds_v3/toolchain/bin/../lib/gcc/arm-none-eabi/4.8.4/../../../../arm-none-eabi/lib/armv7e-m/fpu\libnosys.a(close.o)
